[fuzz-exec] export global$_2
[LoggingExternalInterface logging -nan:0x7fffde]
[fuzz-exec] export global$_3
[LoggingExternalInterface logging object(null)]
[fuzz-exec] export func
[LoggingExternalInterface logging -2147483648 0]
[fuzz-exec] note result: func => object(null)
[fuzz-exec] export func_invoker
[LoggingExternalInterface logging -2147483648 0]
[LoggingExternalInterface logging -2147483648 0]
[LoggingExternalInterface logging -2147483648 0]
[fuzz-exec] export func_13_invoker
[fuzz-exec] export func_15
[exception thrown: tag$0 i32x4 0x00000000 0x00000000 0x00000000 0x00000000]
[fuzz-exec] export func_15_invoker
[exception thrown: tag$0 i32x4 0x00000000 0x00000000 0x00000000 0x00000000]
[fuzz-exec] export func_19_invoker
[fuzz-exec] export func_21
[exception thrown: imported-wasm-tag 32767]
[fuzz-exec] export func_23_invoker
[exception thrown: tag$0 i32x4 0x7fc00000 0x7fc00000 0x7fc00000 0x7fc00000]
[fuzz-exec] export func_25_invoker
[fuzz-exec] export func_28_invoker
[LoggingExternalInterface logging 3137 0]
[LoggingExternalInterface logging object(null)]
[trap unreachable]
[fuzz-exec] export func_30_invoker
[exception thrown: imported-js-tag jserror]
[fuzz-exec] export func_32
[fuzz-exec] note result: func_32 => object(null)
[fuzz-exec] export func_33_invoker
[fuzz-exec] export func_35_invoker
[exception thrown: imported-js-tag jserror]
[fuzz-exec] export func_37_invoker
[exception thrown: imported-wasm-tag 32767]
[fuzz-exec] export func_40_invoker
[fuzz-exec] export func_42
[fuzz-exec] note result: func_42 => object(null)
[fuzz-exec] export func_42_invoker
[fuzz-exec] export func_45
[LoggingExternalInterface logging 0]
[LoggingExternalInterface logging 0]
[LoggingExternalInterface logging 0]
[LoggingExternalInterface logging 0]
[LoggingExternalInterface logging 0]
[LoggingExternalInterface logging 0]
[LoggingExternalInterface logging 0]
[LoggingExternalInterface logging 0]
[LoggingExternalInterface logging 0]
[LoggingExternalInterface logging 0]
[LoggingExternalInterface logging 0]
[LoggingExternalInterface logging 0]
[LoggingExternalInterface logging 0]
[LoggingExternalInterface logging 0]
[LoggingExternalInterface logging 0]
[LoggingExternalInterface logging 0]
[LoggingExternalInterface logging 0]
[LoggingExternalInterface logging 0]
[LoggingExternalInterface logging 0]
[LoggingExternalInterface logging 0]
[LoggingExternalInterface logging 0]
[LoggingExternalInterface logging 0]
[LoggingExternalInterface logging 0]
[LoggingExternalInterface logging 0]
[LoggingExternalInterface logging 0]
[LoggingExternalInterface logging 0]
[LoggingExternalInterface logging 0]
[LoggingExternalInterface logging 0]
[LoggingExternalInterface logging 0]
[LoggingExternalInterface logging 0]
[LoggingExternalInterface logging 0]
[LoggingExternalInterface logging 0]
[LoggingExternalInterface logging 0]
[LoggingExternalInterface logging 0]
[LoggingExternalInterface logging 0]
[LoggingExternalInterface logging 0]
[LoggingExternalInterface logging 0]
[LoggingExternalInterface logging 0]
[LoggingExternalInterface logging 0]
[LoggingExternalInterface logging 0]
[LoggingExternalInterface logging 0]
[LoggingExternalInterface logging 0]
[LoggingExternalInterface logging 0]
[LoggingExternalInterface logging 0]
[LoggingExternalInterface logging 0]
[LoggingExternalInterface logging 0]
[LoggingExternalInterface logging 0]
[LoggingExternalInterface logging 0]
[LoggingExternalInterface logging 0]
[LoggingExternalInterface logging 0]
[LoggingExternalInterface logging 0]
[LoggingExternalInterface logging 0]
[LoggingExternalInterface logging 0]
[LoggingExternalInterface logging 0]
[LoggingExternalInterface logging 0]
[LoggingExternalInterface logging 0]
[LoggingExternalInterface logging 0]
[LoggingExternalInterface logging 0]
[LoggingExternalInterface logging 0]
[LoggingExternalInterface logging 0]
[LoggingExternalInterface logging 0]
[LoggingExternalInterface logging 0]
[LoggingExternalInterface logging 0]
[LoggingExternalInterface logging 0]
[LoggingExternalInterface logging 0]
[LoggingExternalInterface logging 0]
[LoggingExternalInterface logging 0]
[LoggingExternalInterface logging 0]
[LoggingExternalInterface logging 0]
[LoggingExternalInterface logging 0]
[LoggingExternalInterface logging 0]
[LoggingExternalInterface logging 0]
[LoggingExternalInterface logging 0]
[LoggingExternalInterface logging 0]
[LoggingExternalInterface logging 0]
[LoggingExternalInterface logging 0]
[LoggingExternalInterface logging 0]
[LoggingExternalInterface logging 0]
[LoggingExternalInterface logging 0]
[LoggingExternalInterface logging 0]
[trap unreachable]
[fuzz-exec] export func_45_invoker
[LoggingExternalInterface logging 0]
[LoggingExternalInterface logging 0]
[LoggingExternalInterface logging 0]
[LoggingExternalInterface logging 0]
[LoggingExternalInterface logging 0]
[LoggingExternalInterface logging 0]
[LoggingExternalInterface logging 0]
[LoggingExternalInterface logging 0]
[LoggingExternalInterface logging 0]
[LoggingExternalInterface logging 0]
[LoggingExternalInterface logging 0]
[LoggingExternalInterface logging 0]
[LoggingExternalInterface logging 0]
[LoggingExternalInterface logging 0]
[LoggingExternalInterface logging 0]
[LoggingExternalInterface logging 0]
[LoggingExternalInterface logging 0]
[LoggingExternalInterface logging 0]
[LoggingExternalInterface logging 0]
[LoggingExternalInterface logging 0]
[LoggingExternalInterface logging 0]
[LoggingExternalInterface logging 0]
[LoggingExternalInterface logging 0]
[LoggingExternalInterface logging 0]
[LoggingExternalInterface logging 0]
[LoggingExternalInterface logging 0]
[LoggingExternalInterface logging 0]
[LoggingExternalInterface logging 0]
[LoggingExternalInterface logging 0]
[LoggingExternalInterface logging 0]
[LoggingExternalInterface logging 0]
[LoggingExternalInterface logging 0]
[LoggingExternalInterface logging 0]
[LoggingExternalInterface logging 0]
[LoggingExternalInterface logging 0]
[LoggingExternalInterface logging 0]
[LoggingExternalInterface logging 0]
[LoggingExternalInterface logging 0]
[LoggingExternalInterface logging 0]
[LoggingExternalInterface logging 0]
[LoggingExternalInterface logging 0]
[LoggingExternalInterface logging 0]
[LoggingExternalInterface logging 0]
[LoggingExternalInterface logging 0]
[LoggingExternalInterface logging 0]
[LoggingExternalInterface logging 0]
[LoggingExternalInterface logging 0]
[LoggingExternalInterface logging 0]
[LoggingExternalInterface logging 0]
[LoggingExternalInterface logging 0]
[LoggingExternalInterface logging 0]
[LoggingExternalInterface logging 0]
[LoggingExternalInterface logging 0]
[LoggingExternalInterface logging 0]
[LoggingExternalInterface logging 0]
[LoggingExternalInterface logging 0]
[LoggingExternalInterface logging 0]
[LoggingExternalInterface logging 0]
[LoggingExternalInterface logging 0]
[LoggingExternalInterface logging 0]
[LoggingExternalInterface logging 0]
[LoggingExternalInterface logging 0]
[LoggingExternalInterface logging 0]
[LoggingExternalInterface logging 0]
[LoggingExternalInterface logging 0]
[LoggingExternalInterface logging 0]
[LoggingExternalInterface logging 0]
[LoggingExternalInterface logging 0]
[LoggingExternalInterface logging 0]
[LoggingExternalInterface logging 0]
[LoggingExternalInterface logging 0]
[LoggingExternalInterface logging 0]
[LoggingExternalInterface logging 0]
[LoggingExternalInterface logging 0]
[LoggingExternalInterface logging 0]
[LoggingExternalInterface logging 0]
[LoggingExternalInterface logging 0]
[LoggingExternalInterface logging 0]
[LoggingExternalInterface logging 0]
[LoggingExternalInterface logging 0]
[LoggingExternalInterface logging 0]
[LoggingExternalInterface logging 0]
[LoggingExternalInterface logging 0]
[LoggingExternalInterface logging 0]
[LoggingExternalInterface logging 0]
[LoggingExternalInterface logging 0]
[LoggingExternalInterface logging 0]
[LoggingExternalInterface logging 0]
[LoggingExternalInterface logging 0]
[LoggingExternalInterface logging 0]
[LoggingExternalInterface logging 0]
[LoggingExternalInterface logging 0]
[LoggingExternalInterface logging 0]
[LoggingExternalInterface logging 0]
[LoggingExternalInterface logging 0]
[LoggingExternalInterface logging 0]
[LoggingExternalInterface logging 0]
[trap unreachable]
[fuzz-exec] export func_47
[fuzz-exec] note result: func_47 => -nan:0x7fcb1d
[fuzz-exec] export func_48_invoker
[trap unreachable]
[fuzz-exec] export func_50_invoker
[trap null ref]
[fuzz-exec] export global$_2
[LoggingExternalInterface logging -nan:0x7fffde]
[fuzz-exec] export global$_3
[LoggingExternalInterface logging object(null)]
[fuzz-exec] export func
[LoggingExternalInterface logging -2147483648 0]
[fuzz-exec] note result: func => object(null)
[fuzz-exec] export func_invoker
[LoggingExternalInterface logging -2147483648 0]
[LoggingExternalInterface logging -2147483648 0]
[LoggingExternalInterface logging -2147483648 0]
[fuzz-exec] export func_13_invoker
[fuzz-exec] export func_15
[exception thrown: tag$0 i32x4 0x00000000 0x00000000 0x00000000 0x00000000]
[fuzz-exec] export func_15_invoker
[exception thrown: tag$0 i32x4 0x00000000 0x00000000 0x00000000 0x00000000]
[fuzz-exec] export func_19_invoker
[fuzz-exec] export func_21
[exception thrown: imported-wasm-tag 32767]
[fuzz-exec] export func_23_invoker
[exception thrown: tag$0 i32x4 0x7fc00000 0x7fc00000 0x7fc00000 0x7fc00000]
[fuzz-exec] export func_25_invoker
[fuzz-exec] export func_28_invoker
[LoggingExternalInterface logging 3137 0]
[LoggingExternalInterface logging object(null)]
[trap unreachable]
[fuzz-exec] export func_30_invoker
[trap unreachable]
[fuzz-exec] export func_32
[fuzz-exec] note result: func_32 => object(null)
[fuzz-exec] export func_33_invoker
[fuzz-exec] export func_35_invoker
[exception thrown: imported-js-tag jserror]
[fuzz-exec] export func_37_invoker
[exception thrown: imported-wasm-tag 32767]
[fuzz-exec] export func_40_invoker
[fuzz-exec] export func_42
[fuzz-exec] note result: func_42 => object(null)
[fuzz-exec] export func_42_invoker
[fuzz-exec] export func_45
[LoggingExternalInterface logging 0]
[LoggingExternalInterface logging 0]
[LoggingExternalInterface logging 0]
[LoggingExternalInterface logging 0]
[LoggingExternalInterface logging 0]
[LoggingExternalInterface logging 0]
[LoggingExternalInterface logging 0]
[LoggingExternalInterface logging 0]
[LoggingExternalInterface logging 0]
[LoggingExternalInterface logging 0]
[LoggingExternalInterface logging 0]
[LoggingExternalInterface logging 0]
[LoggingExternalInterface logging 0]
[LoggingExternalInterface logging 0]
[LoggingExternalInterface logging 0]
[LoggingExternalInterface logging 0]
[LoggingExternalInterface logging 0]
[LoggingExternalInterface logging 0]
[LoggingExternalInterface logging 0]
[LoggingExternalInterface logging 0]
[LoggingExternalInterface logging 0]
[LoggingExternalInterface logging 0]
[LoggingExternalInterface logging 0]
[LoggingExternalInterface logging 0]
[LoggingExternalInterface logging 0]
[LoggingExternalInterface logging 0]
[LoggingExternalInterface logging 0]
[LoggingExternalInterface logging 0]
[LoggingExternalInterface logging 0]
[LoggingExternalInterface logging 0]
[LoggingExternalInterface logging 0]
[LoggingExternalInterface logging 0]
[LoggingExternalInterface logging 0]
[LoggingExternalInterface logging 0]
[LoggingExternalInterface logging 0]
[LoggingExternalInterface logging 0]
[LoggingExternalInterface logging 0]
[LoggingExternalInterface logging 0]
[LoggingExternalInterface logging 0]
[LoggingExternalInterface logging 0]
[LoggingExternalInterface logging 0]
[LoggingExternalInterface logging 0]
[LoggingExternalInterface logging 0]
[LoggingExternalInterface logging 0]
[LoggingExternalInterface logging 0]
[LoggingExternalInterface logging 0]
[LoggingExternalInterface logging 0]
[LoggingExternalInterface logging 0]
[LoggingExternalInterface logging 0]
[LoggingExternalInterface logging 0]
[LoggingExternalInterface logging 0]
[LoggingExternalInterface logging 0]
[LoggingExternalInterface logging 0]
[LoggingExternalInterface logging 0]
[LoggingExternalInterface logging 0]
[LoggingExternalInterface logging 0]
[LoggingExternalInterface logging 0]
[LoggingExternalInterface logging 0]
[LoggingExternalInterface logging 0]
[LoggingExternalInterface logging 0]
[LoggingExternalInterface logging 0]
[LoggingExternalInterface logging 0]
[LoggingExternalInterface logging 0]
[LoggingExternalInterface logging 0]
[LoggingExternalInterface logging 0]
[LoggingExternalInterface logging 0]
[LoggingExternalInterface logging 0]
[LoggingExternalInterface logging 0]
[LoggingExternalInterface logging 0]
[LoggingExternalInterface logging 0]
[LoggingExternalInterface logging 0]
[LoggingExternalInterface logging 0]
[LoggingExternalInterface logging 0]
[LoggingExternalInterface logging 0]
[LoggingExternalInterface logging 0]
[LoggingExternalInterface logging 0]
[LoggingExternalInterface logging 0]
[LoggingExternalInterface logging 0]
[LoggingExternalInterface logging 0]
[LoggingExternalInterface logging 0]
[LoggingExternalInterface logging 0]
[LoggingExternalInterface logging 0]
[trap unreachable]
[fuzz-exec] export func_45_invoker
[LoggingExternalInterface logging 0]
[LoggingExternalInterface logging 0]
[LoggingExternalInterface logging 0]
[LoggingExternalInterface logging 0]
[LoggingExternalInterface logging 0]
[LoggingExternalInterface logging 0]
[LoggingExternalInterface logging 0]
[LoggingExternalInterface logging 0]
[LoggingExternalInterface logging 0]
[LoggingExternalInterface logging 0]
[LoggingExternalInterface logging 0]
[LoggingExternalInterface logging 0]
[LoggingExternalInterface logging 0]
[LoggingExternalInterface logging 0]
[LoggingExternalInterface logging 0]
[LoggingExternalInterface logging 0]
[LoggingExternalInterface logging 0]
[LoggingExternalInterface logging 0]
[LoggingExternalInterface logging 0]
[LoggingExternalInterface logging 0]
[LoggingExternalInterface logging 0]
[LoggingExternalInterface logging 0]
[LoggingExternalInterface logging 0]
[LoggingExternalInterface logging 0]
[LoggingExternalInterface logging 0]
[LoggingExternalInterface logging 0]
[LoggingExternalInterface logging 0]
[LoggingExternalInterface logging 0]
[LoggingExternalInterface logging 0]
[LoggingExternalInterface logging 0]
[LoggingExternalInterface logging 0]
[LoggingExternalInterface logging 0]
[LoggingExternalInterface logging 0]
[LoggingExternalInterface logging 0]
[LoggingExternalInterface logging 0]
[LoggingExternalInterface logging 0]
[LoggingExternalInterface logging 0]
[LoggingExternalInterface logging 0]
[LoggingExternalInterface logging 0]
[LoggingExternalInterface logging 0]
[LoggingExternalInterface logging 0]
[LoggingExternalInterface logging 0]
[LoggingExternalInterface logging 0]
[LoggingExternalInterface logging 0]
[LoggingExternalInterface logging 0]
[LoggingExternalInterface logging 0]
[LoggingExternalInterface logging 0]
[LoggingExternalInterface logging 0]
[LoggingExternalInterface logging 0]
[LoggingExternalInterface logging 0]
[LoggingExternalInterface logging 0]
[LoggingExternalInterface logging 0]
[LoggingExternalInterface logging 0]
[LoggingExternalInterface logging 0]
[LoggingExternalInterface logging 0]
[LoggingExternalInterface logging 0]
[LoggingExternalInterface logging 0]
[LoggingExternalInterface logging 0]
[LoggingExternalInterface logging 0]
[LoggingExternalInterface logging 0]
[LoggingExternalInterface logging 0]
[LoggingExternalInterface logging 0]
[LoggingExternalInterface logging 0]
[LoggingExternalInterface logging 0]
[LoggingExternalInterface logging 0]
[LoggingExternalInterface logging 0]
[LoggingExternalInterface logging 0]
[LoggingExternalInterface logging 0]
[LoggingExternalInterface logging 0]
[LoggingExternalInterface logging 0]
[LoggingExternalInterface logging 0]
[LoggingExternalInterface logging 0]
[LoggingExternalInterface logging 0]
[LoggingExternalInterface logging 0]
[LoggingExternalInterface logging 0]
[LoggingExternalInterface logging 0]
[LoggingExternalInterface logging 0]
[LoggingExternalInterface logging 0]
[LoggingExternalInterface logging 0]
[LoggingExternalInterface logging 0]
[LoggingExternalInterface logging 0]
[LoggingExternalInterface logging 0]
[LoggingExternalInterface logging 0]
[LoggingExternalInterface logging 0]
[LoggingExternalInterface logging 0]
[LoggingExternalInterface logging 0]
[LoggingExternalInterface logging 0]
[LoggingExternalInterface logging 0]
[LoggingExternalInterface logging 0]
[LoggingExternalInterface logging 0]
[LoggingExternalInterface logging 0]
[LoggingExternalInterface logging 0]
[LoggingExternalInterface logging 0]
[LoggingExternalInterface logging 0]
[LoggingExternalInterface logging 0]
[LoggingExternalInterface logging 0]
[LoggingExternalInterface logging 0]
[trap unreachable]
[fuzz-exec] export func_47
[fuzz-exec] note result: func_47 => -nan:0x7fcb1d
[fuzz-exec] export func_48_invoker
[trap unreachable]
[fuzz-exec] export func_50_invoker
[trap null ref]
[fuzz-exec] comparing func
[fuzz-exec] comparing func_13_invoker
[fuzz-exec] comparing func_15
[fuzz-exec] comparing func_15_invoker
[fuzz-exec] comparing func_19_invoker
[fuzz-exec] comparing func_21
[fuzz-exec] comparing func_23_invoker
[fuzz-exec] comparing func_25_invoker
[fuzz-exec] comparing func_28_invoker
[fuzz-exec] comparing func_30_invoker
[fuzz-exec] optimization passes changed results
