[fuzz-exec] export func
[fuzz-exec] note result: func => 1099511627777
65408
-nan:0x7fffc1
[fuzz-exec] export func_invoker
[fuzz-exec] export func_11
[exception thrown: tag$0]
[fuzz-exec] export func_11_invoker
[exception thrown: tag$0]
[fuzz-exec] export func_13
[trap null ref]
[fuzz-exec] export func_14
[fuzz-exec] note result: func_14 => object(null)
[fuzz-exec] export func_14_invoker
[fuzz-exec] export func_17_invoker
[host limit allocation failure]
[fuzz-exec] export func_19
[fuzz-exec] note result: func_19 => -nan:0xfffffffffffaa
[fuzz-exec] export func_20
[trap null ref]
warning: no passes specified, not doing any work
