[fuzz-exec] export func
[trap null ref]
[fuzz-exec] export func_invoker
[trap null ref]
[fuzz-exec] export func_16
[LoggingExternalInterface logging string("\ud800\u00a3")]
[fuzz-exec] note result: func_16 => -255
[fuzz-exec] export func_16_invoker
[LoggingExternalInterface logging string("\ud800\u00a3")]
[LoggingExternalInterface logging string("\ud800\u00a3")]
[fuzz-exec] export func_18
[fuzz-exec] note result: func_18 => function
[fuzz-exec] export func_20
[trap null ref]
[fuzz-exec] export func_20_invoker
[trap null ref]
[fuzz-exec] export func_22_invoker
[fuzz-exec] export func_25
[fuzz-exec] note result: func_25 => function
[fuzz-exec] export func_27
[exception thrown: imported-wasm-tag -2147483648]
[fuzz-exec] export func_27_invoker
[exception thrown: imported-wasm-tag -2147483648]
wasm-opt: /home/tamaron/work/binaryen/src/ir/eh-utils.cpp:122: void wasm::EHUtils::handleBlockNestedPop(wasm::Try*, wasm::Function*, wasm::Module&): Assertion `pop && "Pop has not been found in this catch"' failed.
