[fuzz-exec] export func
[LoggingExternalInterface logging i32x4 0x00000000 0x405d4000 0x00000000 0xc10ee6f8]
[LoggingExternalInterface logging i32x4 0x00000000 0x00000000 0x00000000 0x00000000]
[trap unreachable]
[fuzz-exec] export func_15_invoker
[fuzz-exec] export func_17
[fuzz-exec] note result: func_17 => 4096
28932
i32x4 0x056f0000 0x00010001 0x03710001 0x006cffa5
[fuzz-exec] export func_17_invoker
[fuzz-exec] export func_21
[LoggingExternalInterface logging i32x4 0x00000000 0x00000000 0x00000000 0x00000000]
[fuzz-exec] note result: func_21 => object(null)
function
-36028797018963968
function
2.2250738585072014e-308
[fuzz-exec] export func_22_invoker
[trap null ref]
[fuzz-exec] export func_25_invoker
[LoggingExternalInterface logging 0]
[LoggingExternalInterface logging 0]
[LoggingExternalInterface logging 0]
[LoggingExternalInterface logging 0]
[LoggingExternalInterface logging 0]
[LoggingExternalInterface logging 0]
[LoggingExternalInterface logging 0]
[LoggingExternalInterface logging 0]
[LoggingExternalInterface logging 0]
[LoggingExternalInterface logging 0]
[LoggingExternalInterface logging 0]
[LoggingExternalInterface logging 0]
[LoggingExternalInterface logging 0]
[LoggingExternalInterface logging 0]
[LoggingExternalInterface logging 0]
[LoggingExternalInterface logging 0]
[LoggingExternalInterface logging 0]
[LoggingExternalInterface logging 0]
[LoggingExternalInterface logging 0]
[LoggingExternalInterface logging 0]
[LoggingExternalInterface logging 0]
[LoggingExternalInterface logging 0]
[LoggingExternalInterface logging 0]
[LoggingExternalInterface logging 0]
[LoggingExternalInterface logging 0]
[LoggingExternalInterface logging 0]
[LoggingExternalInterface logging 0]
[LoggingExternalInterface logging 0]
[LoggingExternalInterface logging 0]
[LoggingExternalInterface logging 0]
[LoggingExternalInterface logging 0]
[LoggingExternalInterface logging 0]
[LoggingExternalInterface logging 0]
[LoggingExternalInterface logging 0]
[LoggingExternalInterface logging 0]
[LoggingExternalInterface logging 0]
[LoggingExternalInterface logging 0]
[LoggingExternalInterface logging 0]
[LoggingExternalInterface logging 0]
[LoggingExternalInterface logging 0]
[LoggingExternalInterface logging 0]
[LoggingExternalInterface logging 0]
[LoggingExternalInterface logging 0]
[LoggingExternalInterface logging 0]
[LoggingExternalInterface logging 0]
[LoggingExternalInterface logging 0]
[LoggingExternalInterface logging 0]
[LoggingExternalInterface logging 0]
[LoggingExternalInterface logging 0]
[LoggingExternalInterface logging 0]
[LoggingExternalInterface logging 0]
[LoggingExternalInterface logging 0]
[LoggingExternalInterface logging 0]
[LoggingExternalInterface logging 0]
[LoggingExternalInterface logging 0]
[LoggingExternalInterface logging 0]
[LoggingExternalInterface logging 0]
[LoggingExternalInterface logging 0]
[LoggingExternalInterface logging 0]
[LoggingExternalInterface logging 0]
[LoggingExternalInterface logging 0]
[LoggingExternalInterface logging 0]
[LoggingExternalInterface logging 0]
[LoggingExternalInterface logging 0]
[LoggingExternalInterface logging 0]
[LoggingExternalInterface logging 0]
[LoggingExternalInterface logging 0]
[LoggingExternalInterface logging 0]
[LoggingExternalInterface logging 0]
[LoggingExternalInterface logging 0]
[LoggingExternalInterface logging 0]
[LoggingExternalInterface logging 0]
[LoggingExternalInterface logging 0]
[LoggingExternalInterface logging 0]
[LoggingExternalInterface logging 0]
[LoggingExternalInterface logging 0]
[LoggingExternalInterface logging 0]
[LoggingExternalInterface logging 0]
[LoggingExternalInterface logging 0]
[LoggingExternalInterface logging 0]
[LoggingExternalInterface logging 0]
[LoggingExternalInterface logging 0]
[LoggingExternalInterface logging 0]
[LoggingExternalInterface logging 0]
[LoggingExternalInterface logging 0]
[trap unreachable]
[fuzz-exec] export func_27
[LoggingExternalInterface logging 0]
[fuzz-exec] note result: func_27 => -18446744073709551615
object(null)
function
-4503599627370496
function
22881
[fuzz-exec] export func_27_invoker
[LoggingExternalInterface logging 0]
[LoggingExternalInterface logging 0]
[LoggingExternalInterface logging 0]
[LoggingExternalInterface logging 0]
[LoggingExternalInterface logging 0]
[LoggingExternalInterface logging 0]
[LoggingExternalInterface logging 0]
[LoggingExternalInterface logging 0]
[fuzz-exec] export func_30_invoker
[trap unaligned atomic operation]
[fuzz-exec] export func_32_invoker
[fuzz-exec] export func_34_invoker
[host limit allocation failure]
[fuzz-exec] export func_36
[fuzz-exec] export func_36_invoker
[fuzz-exec] export func_39
[LoggingExternalInterface logging -16382.8115234375]
[fuzz-exec] note result: func_39 => string("\ud800\udf48\ud800")
[fuzz-exec] export func_39_invoker
[LoggingExternalInterface logging -16382.8115234375]
[LoggingExternalInterface logging -16382.8115234375]
[fuzz-exec] export func_41_invoker
[LoggingExternalInterface logging string("\ud800\udf48")]
[fuzz-exec] export func_44_invoker
[LoggingExternalInterface logging 1]
[LoggingExternalInterface logging 1]
[LoggingExternalInterface logging 1]
[LoggingExternalInterface logging 1]
[fuzz-exec] export func_48
[LoggingExternalInterface logging string("")]
[LoggingExternalInterface logging -16382.8115234375]
[LoggingExternalInterface logging -16382.8115234375]
[LoggingExternalInterface logging externref(14)]
[LoggingExternalInterface logging i32x4 0x00903f0d 0x0081e0be 0x6d2bfec0 0x00012100]
[LoggingExternalInterface logging object(null)]
[LoggingExternalInterface logging i32x4 0x00903f0d 0x0081e0be 0x6d2bfec0 0x00012100]
[LoggingExternalInterface logging object(null)]
[LoggingExternalInterface logging i32x4 0x00903f0d 0x0081e0be 0x6d2bfec0 0x00012100]
[LoggingExternalInterface logging object(null)]
[LoggingExternalInterface logging i32x4 0x00903f0d 0x0081e0be 0x6d2bfec0 0x00012100]
[LoggingExternalInterface logging object(null)]
[LoggingExternalInterface logging i32x4 0x00903f0d 0x0081e0be 0x6d2bfec0 0x00012100]
[LoggingExternalInterface logging object(null)]
[LoggingExternalInterface logging i32x4 0x00903f0d 0x0081e0be 0x6d2bfec0 0x00012100]
[LoggingExternalInterface logging object(null)]
[LoggingExternalInterface logging i32x4 0x00903f0d 0x0081e0be 0x6d2bfec0 0x00012100]
[LoggingExternalInterface logging object(null)]
[LoggingExternalInterface logging i32x4 0x00903f0d 0x0081e0be 0x6d2bfec0 0x00012100]
[LoggingExternalInterface logging object(null)]
[LoggingExternalInterface logging i32x4 0x00903f0d 0x0081e0be 0x6d2bfec0 0x00012100]
[LoggingExternalInterface logging object(null)]
[LoggingExternalInterface logging i32x4 0x00903f0d 0x0081e0be 0x6d2bfec0 0x00012100]
[LoggingExternalInterface logging object(null)]
[LoggingExternalInterface logging i32x4 0x00903f0d 0x0081e0be 0x6d2bfec0 0x00012100]
[LoggingExternalInterface logging object(null)]
[LoggingExternalInterface logging i32x4 0x00903f0d 0x0081e0be 0x6d2bfec0 0x00012100]
[LoggingExternalInterface logging object(null)]
[LoggingExternalInterface logging i32x4 0x00903f0d 0x0081e0be 0x6d2bfec0 0x00012100]
[LoggingExternalInterface logging object(null)]
[LoggingExternalInterface logging i32x4 0x00903f0d 0x0081e0be 0x6d2bfec0 0x00012100]
[LoggingExternalInterface logging object(null)]
[LoggingExternalInterface logging i32x4 0x00903f0d 0x0081e0be 0x6d2bfec0 0x00012100]
[LoggingExternalInterface logging object(null)]
[LoggingExternalInterface logging i32x4 0x00903f0d 0x0081e0be 0x6d2bfec0 0x00012100]
[LoggingExternalInterface logging object(null)]
[LoggingExternalInterface logging i32x4 0x00903f0d 0x0081e0be 0x6d2bfec0 0x00012100]
[LoggingExternalInterface logging object(null)]
[LoggingExternalInterface logging i32x4 0x00903f0d 0x0081e0be 0x6d2bfec0 0x00012100]
[LoggingExternalInterface logging object(null)]
[LoggingExternalInterface logging i32x4 0x00903f0d 0x0081e0be 0x6d2bfec0 0x00012100]
[LoggingExternalInterface logging object(null)]
[LoggingExternalInterface logging i32x4 0x00903f0d 0x0081e0be 0x6d2bfec0 0x00012100]
[LoggingExternalInterface logging object(null)]
[LoggingExternalInterface logging i32x4 0x00903f0d 0x0081e0be 0x6d2bfec0 0x00012100]
[LoggingExternalInterface logging object(null)]
[LoggingExternalInterface logging i32x4 0x00903f0d 0x0081e0be 0x6d2bfec0 0x00012100]
[LoggingExternalInterface logging object(null)]
[LoggingExternalInterface logging i32x4 0x00903f0d 0x0081e0be 0x6d2bfec0 0x00012100]
[LoggingExternalInterface logging object(null)]
[LoggingExternalInterface logging i32x4 0x00903f0d 0x0081e0be 0x6d2bfec0 0x00012100]
[LoggingExternalInterface logging object(null)]
[LoggingExternalInterface logging i32x4 0x00903f0d 0x0081e0be 0x6d2bfec0 0x00012100]
[LoggingExternalInterface logging object(null)]
[LoggingExternalInterface logging i32x4 0x00903f0d 0x0081e0be 0x6d2bfec0 0x00012100]
[LoggingExternalInterface logging object(null)]
[LoggingExternalInterface logging i32x4 0x00903f0d 0x0081e0be 0x6d2bfec0 0x00012100]
[LoggingExternalInterface logging object(null)]
[LoggingExternalInterface logging i32x4 0x00903f0d 0x0081e0be 0x6d2bfec0 0x00012100]
[LoggingExternalInterface logging object(null)]
[LoggingExternalInterface logging i32x4 0x00903f0d 0x0081e0be 0x6d2bfec0 0x00012100]
[LoggingExternalInterface logging object(null)]
[LoggingExternalInterface logging i32x4 0x00903f0d 0x0081e0be 0x6d2bfec0 0x00012100]
[LoggingExternalInterface logging object(null)]
[LoggingExternalInterface logging i32x4 0x00903f0d 0x0081e0be 0x6d2bfec0 0x00012100]
[LoggingExternalInterface logging object(null)]
[LoggingExternalInterface logging i32x4 0x00903f0d 0x0081e0be 0x6d2bfec0 0x00012100]
[LoggingExternalInterface logging object(null)]
[LoggingExternalInterface logging i32x4 0x00903f0d 0x0081e0be 0x6d2bfec0 0x00012100]
[LoggingExternalInterface logging object(null)]
[LoggingExternalInterface logging i32x4 0x00903f0d 0x0081e0be 0x6d2bfec0 0x00012100]
[LoggingExternalInterface logging object(null)]
[LoggingExternalInterface logging i32x4 0x00903f0d 0x0081e0be 0x6d2bfec0 0x00012100]
[LoggingExternalInterface logging object(null)]
[LoggingExternalInterface logging i32x4 0x00903f0d 0x0081e0be 0x6d2bfec0 0x00012100]
[LoggingExternalInterface logging object(null)]
[LoggingExternalInterface logging i32x4 0x00903f0d 0x0081e0be 0x6d2bfec0 0x00012100]
[LoggingExternalInterface logging object(null)]
[LoggingExternalInterface logging i32x4 0x00903f0d 0x0081e0be 0x6d2bfec0 0x00012100]
[LoggingExternalInterface logging object(null)]
[LoggingExternalInterface logging i32x4 0x00903f0d 0x0081e0be 0x6d2bfec0 0x00012100]
[LoggingExternalInterface logging object(null)]
[LoggingExternalInterface logging i32x4 0x00903f0d 0x0081e0be 0x6d2bfec0 0x00012100]
[LoggingExternalInterface logging object(null)]
[LoggingExternalInterface logging i32x4 0x00903f0d 0x0081e0be 0x6d2bfec0 0x00012100]
[LoggingExternalInterface logging object(null)]
[LoggingExternalInterface logging i32x4 0x00903f0d 0x0081e0be 0x6d2bfec0 0x00012100]
[LoggingExternalInterface logging object(null)]
[LoggingExternalInterface logging i32x4 0x00903f0d 0x0081e0be 0x6d2bfec0 0x00012100]
[LoggingExternalInterface logging object(null)]
[LoggingExternalInterface logging i32x4 0x00903f0d 0x0081e0be 0x6d2bfec0 0x00012100]
[LoggingExternalInterface logging object(null)]
[LoggingExternalInterface logging i32x4 0x00903f0d 0x0081e0be 0x6d2bfec0 0x00012100]
[LoggingExternalInterface logging object(null)]
[LoggingExternalInterface logging i32x4 0x00903f0d 0x0081e0be 0x6d2bfec0 0x00012100]
[LoggingExternalInterface logging object(null)]
[LoggingExternalInterface logging i32x4 0x00903f0d 0x0081e0be 0x6d2bfec0 0x00012100]
[LoggingExternalInterface logging object(null)]
[LoggingExternalInterface logging i32x4 0x00903f0d 0x0081e0be 0x6d2bfec0 0x00012100]
[LoggingExternalInterface logging object(null)]
[LoggingExternalInterface logging i32x4 0x00903f0d 0x0081e0be 0x6d2bfec0 0x00012100]
[LoggingExternalInterface logging object(null)]
[LoggingExternalInterface logging i32x4 0x00903f0d 0x0081e0be 0x6d2bfec0 0x00012100]
[LoggingExternalInterface logging object(null)]
[LoggingExternalInterface logging i32x4 0x00903f0d 0x0081e0be 0x6d2bfec0 0x00012100]
[LoggingExternalInterface logging object(null)]
[LoggingExternalInterface logging i32x4 0x00903f0d 0x0081e0be 0x6d2bfec0 0x00012100]
[LoggingExternalInterface logging object(null)]
[LoggingExternalInterface logging i32x4 0x00903f0d 0x0081e0be 0x6d2bfec0 0x00012100]
[LoggingExternalInterface logging object(null)]
[LoggingExternalInterface logging i32x4 0x00903f0d 0x0081e0be 0x6d2bfec0 0x00012100]
[LoggingExternalInterface logging object(null)]
[LoggingExternalInterface logging i32x4 0x00903f0d 0x0081e0be 0x6d2bfec0 0x00012100]
[LoggingExternalInterface logging object(null)]
[LoggingExternalInterface logging i32x4 0x00903f0d 0x0081e0be 0x6d2bfec0 0x00012100]
[LoggingExternalInterface logging object(null)]
[trap unreachable]
[fuzz-exec] export func_49_invoker
warning: no passes specified, not doing any work
