[fuzz-exec] export func
[fuzz-exec] note result: func => null
[fuzz-exec] export func_13
[fuzz-exec] export func_15_invoker
[fuzz-exec] export func_17
[fuzz-exec] note result: func_17 => object(null)
[fuzz-exec] export func_18
[trap null ref]
[fuzz-exec] export func_19_invoker
[fuzz-exec] export func_21
[fuzz-exec] note result: func_21 => -3402823466385288598117041e14
[fuzz-exec] export func_21_invoker
[fuzz-exec] export func_24_invoker
[LoggingExternalInterface logging object(null)]
[LoggingExternalInterface logging object(null)]
[fuzz-exec] export func_26_invoker
[trap unaligned atomic operation]
[fuzz-exec] export func_29_invoker
[fuzz-exec] export func_31
[fuzz-exec] note result: func_31 => string("")
[fuzz-exec] export func_32_invoker
[exception thrown: imported-js-tag jserror]
[fuzz-exec] export func_35_invoker
[trap string oob]
[fuzz-exec] export func_37_invoker
[LoggingExternalInterface logging 1.6189e-319]
[fuzz-exec] export func_39
[fuzz-exec] note result: func_39 => 16382.857421875
[fuzz-exec] export func_41_invoker
[fuzz-exec] export func_43_invoker
[trap null ref]
[fuzz-exec] export func_45_invoker
[trap oob]
[fuzz-exec] export func_50
[exception thrown: imported-js-tag jserror]
[fuzz-exec] export func_51_invoker
[LoggingExternalInterface logging function]
[trap string oob]
[fuzz-exec] export func_53_invoker
[fuzz-exec] export func
[fuzz-exec] note result: func => null
[fuzz-exec] export func_13
[fuzz-exec] export func_15_invoker
[fuzz-exec] export func_17
[fuzz-exec] note result: func_17 => object(null)
[fuzz-exec] export func_18
[trap null ref]
[fuzz-exec] export func_19_invoker
[fuzz-exec] export func_21
[fuzz-exec] note result: func_21 => -3402823466385288598117041e14
[fuzz-exec] export func_21_invoker
[fuzz-exec] export func_24_invoker
[LoggingExternalInterface logging object(null)]
[LoggingExternalInterface logging object(null)]
[fuzz-exec] export func_26_invoker
[trap unaligned atomic operation]
[fuzz-exec] export func_29_invoker
[fuzz-exec] export func_31
[fuzz-exec] note result: func_31 => string("")
[fuzz-exec] export func_32_invoker
[trap unreachable]
[fuzz-exec] export func_35_invoker
[trap string oob]
[fuzz-exec] export func_37_invoker
[LoggingExternalInterface logging 1.6189e-319]
[fuzz-exec] export func_39
[fuzz-exec] note result: func_39 => 16382.857421875
[fuzz-exec] export func_41_invoker
[fuzz-exec] export func_43_invoker
[trap null ref]
[fuzz-exec] export func_45_invoker
[trap oob]
[fuzz-exec] export func_50
[trap unreachable]
[fuzz-exec] export func_51_invoker
[LoggingExternalInterface logging function]
[trap string oob]
[fuzz-exec] export func_53_invoker
[fuzz-exec] comparing func
[fuzz-exec] comparing func_13
[fuzz-exec] comparing func_15_invoker
[fuzz-exec] comparing func_17
[fuzz-exec] comparing func_18
[fuzz-exec] comparing func_19_invoker
[fuzz-exec] comparing func_21
[fuzz-exec] comparing func_21_invoker
[fuzz-exec] comparing func_24_invoker
[fuzz-exec] comparing func_26_invoker
[fuzz-exec] comparing func_29_invoker
[fuzz-exec] comparing func_31
[fuzz-exec] comparing func_32_invoker
[fuzz-exec] optimization passes changed results
