[fuzz-exec] export global$_5
[LoggingExternalInterface logging object(null)]
[fuzz-exec] export global$_9
[LoggingExternalInterface logging -144115188075855872]
[fuzz-exec] export global$_10
[LoggingExternalInterface logging function]
[fuzz-exec] export ref_func_target_invoker
[trap unreachable]
[fuzz-exec] export func_invoker
[trap null ref]
[fuzz-exec] export func_13
[trap null ref]
[fuzz-exec] export func_13_invoker
[trap null ref]
[fuzz-exec] export func_15_invoker
[fuzz-exec] export func_17_invoker
[LoggingExternalInterface logging object(null)]
[fuzz-exec] export func_20_invoker
[LoggingExternalInterface logging -49]
[LoggingExternalInterface logging null]
[LoggingExternalInterface logging -49]
[LoggingExternalInterface logging null]
[LoggingExternalInterface logging -49]
[LoggingExternalInterface logging null]
[LoggingExternalInterface logging -49]
[LoggingExternalInterface logging null]
[LoggingExternalInterface logging -49]
[LoggingExternalInterface logging null]
[LoggingExternalInterface logging -49]
[LoggingExternalInterface logging null]
[LoggingExternalInterface logging -49]
[LoggingExternalInterface logging null]
[LoggingExternalInterface logging -49]
[LoggingExternalInterface logging null]
[LoggingExternalInterface logging -49]
[LoggingExternalInterface logging null]
[LoggingExternalInterface logging -49]
[LoggingExternalInterface logging null]
[LoggingExternalInterface logging -49]
[LoggingExternalInterface logging null]
[LoggingExternalInterface logging -49]
[LoggingExternalInterface logging null]
[LoggingExternalInterface logging -49]
[LoggingExternalInterface logging null]
[LoggingExternalInterface logging -49]
[LoggingExternalInterface logging null]
[LoggingExternalInterface logging -49]
[LoggingExternalInterface logging null]
[LoggingExternalInterface logging -49]
[LoggingExternalInterface logging null]
[LoggingExternalInterface logging -49]
[LoggingExternalInterface logging null]
[LoggingExternalInterface logging -49]
[LoggingExternalInterface logging null]
[LoggingExternalInterface logging -49]
[LoggingExternalInterface logging null]
[LoggingExternalInterface logging -49]
[LoggingExternalInterface logging null]
[LoggingExternalInterface logging -49]
[LoggingExternalInterface logging null]
[LoggingExternalInterface logging -49]
[LoggingExternalInterface logging null]
[LoggingExternalInterface logging -49]
[LoggingExternalInterface logging null]
[LoggingExternalInterface logging -49]
[LoggingExternalInterface logging null]
[LoggingExternalInterface logging -49]
[LoggingExternalInterface logging null]
[LoggingExternalInterface logging -49]
[LoggingExternalInterface logging null]
[LoggingExternalInterface logging -49]
[LoggingExternalInterface logging null]
[LoggingExternalInterface logging -49]
[LoggingExternalInterface logging null]
[LoggingExternalInterface logging -49]
[LoggingExternalInterface logging null]
[LoggingExternalInterface logging -49]
[LoggingExternalInterface logging null]
[LoggingExternalInterface logging -49]
[LoggingExternalInterface logging null]
[LoggingExternalInterface logging -49]
[LoggingExternalInterface logging null]
[LoggingExternalInterface logging -49]
[LoggingExternalInterface logging null]
[LoggingExternalInterface logging -49]
[LoggingExternalInterface logging null]
[LoggingExternalInterface logging -49]
[LoggingExternalInterface logging null]
[LoggingExternalInterface logging -49]
[LoggingExternalInterface logging null]
[LoggingExternalInterface logging -49]
[LoggingExternalInterface logging null]
[LoggingExternalInterface logging -49]
[LoggingExternalInterface logging null]
[LoggingExternalInterface logging -49]
[LoggingExternalInterface logging null]
[LoggingExternalInterface logging -49]
[LoggingExternalInterface logging null]
[LoggingExternalInterface logging -49]
[LoggingExternalInterface logging null]
[LoggingExternalInterface logging -49]
[LoggingExternalInterface logging null]
[LoggingExternalInterface logging -49]
[LoggingExternalInterface logging null]
[LoggingExternalInterface logging -49]
[LoggingExternalInterface logging null]
[LoggingExternalInterface logging -49]
[LoggingExternalInterface logging null]
[LoggingExternalInterface logging -49]
[LoggingExternalInterface logging null]
[LoggingExternalInterface logging -49]
[LoggingExternalInterface logging null]
[LoggingExternalInterface logging -49]
[LoggingExternalInterface logging null]
[LoggingExternalInterface logging -49]
[LoggingExternalInterface logging null]
[LoggingExternalInterface logging -49]
[LoggingExternalInterface logging null]
[LoggingExternalInterface logging -49]
[LoggingExternalInterface logging null]
[LoggingExternalInterface logging -49]
[LoggingExternalInterface logging null]
[LoggingExternalInterface logging -49]
[LoggingExternalInterface logging null]
[LoggingExternalInterface logging -49]
[LoggingExternalInterface logging null]
[LoggingExternalInterface logging -49]
[LoggingExternalInterface logging null]
[LoggingExternalInterface logging -49]
[LoggingExternalInterface logging null]
[LoggingExternalInterface logging -49]
[LoggingExternalInterface logging null]
[LoggingExternalInterface logging -49]
[LoggingExternalInterface logging null]
[LoggingExternalInterface logging -49]
[LoggingExternalInterface logging null]
[LoggingExternalInterface logging -49]
[LoggingExternalInterface logging null]
[LoggingExternalInterface logging -49]
[LoggingExternalInterface logging null]
[LoggingExternalInterface logging -49]
[LoggingExternalInterface logging null]
[LoggingExternalInterface logging -49]
[LoggingExternalInterface logging null]
[LoggingExternalInterface logging -49]
[LoggingExternalInterface logging null]
[LoggingExternalInterface logging -49]
[LoggingExternalInterface logging null]
[LoggingExternalInterface logging -49]
[LoggingExternalInterface logging null]
[LoggingExternalInterface logging -49]
[LoggingExternalInterface logging null]
[LoggingExternalInterface logging -49]
[LoggingExternalInterface logging null]
[LoggingExternalInterface logging -49]
[LoggingExternalInterface logging null]
[LoggingExternalInterface logging -49]
[LoggingExternalInterface logging null]
[LoggingExternalInterface logging -49]
[LoggingExternalInterface logging null]
[LoggingExternalInterface logging -49]
[LoggingExternalInterface logging null]
[LoggingExternalInterface logging -49]
[LoggingExternalInterface logging null]
[LoggingExternalInterface logging -49]
[LoggingExternalInterface logging null]
[LoggingExternalInterface logging -49]
[LoggingExternalInterface logging null]
[LoggingExternalInterface logging -49]
[LoggingExternalInterface logging null]
[LoggingExternalInterface logging -49]
[LoggingExternalInterface logging null]
[LoggingExternalInterface logging -49]
[LoggingExternalInterface logging null]
[LoggingExternalInterface logging -49]
[LoggingExternalInterface logging null]
[LoggingExternalInterface logging -49]
[LoggingExternalInterface logging null]
[LoggingExternalInterface logging -49]
[LoggingExternalInterface logging null]
[trap unreachable]
[fuzz-exec] export func_22_invoker
[fuzz-exec] export func_24
[LoggingExternalInterface logging 4294967247]
[fuzz-exec] export func_24_invoker
[LoggingExternalInterface logging 4294967247]
[LoggingExternalInterface logging 4294967247]
[fuzz-exec] export func_29_invoker
[fuzz-exec] export func_31_invoker
[trap null ref]
[fuzz-exec] export func_33_invoker
[fuzz-exec] export func_35_invoker
[LoggingExternalInterface logging -144115188075855872]
[LoggingExternalInterface logging null]
[LoggingExternalInterface logging -144115188075855872]
[LoggingExternalInterface logging null]
[LoggingExternalInterface logging -144115188075855872]
[LoggingExternalInterface logging null]
[LoggingExternalInterface logging -144115188075855872]
[LoggingExternalInterface logging null]
[LoggingExternalInterface logging -144115188075855872]
[LoggingExternalInterface logging null]
[LoggingExternalInterface logging -144115188075855872]
[LoggingExternalInterface logging null]
[LoggingExternalInterface logging -144115188075855872]
[LoggingExternalInterface logging null]
[LoggingExternalInterface logging -144115188075855872]
[LoggingExternalInterface logging null]
[LoggingExternalInterface logging -144115188075855872]
[LoggingExternalInterface logging null]
[LoggingExternalInterface logging -144115188075855872]
[LoggingExternalInterface logging null]
[LoggingExternalInterface logging -144115188075855872]
[LoggingExternalInterface logging null]
[LoggingExternalInterface logging -144115188075855872]
[LoggingExternalInterface logging null]
[LoggingExternalInterface logging -144115188075855872]
[LoggingExternalInterface logging null]
[LoggingExternalInterface logging -144115188075855872]
[LoggingExternalInterface logging null]
[LoggingExternalInterface logging -144115188075855872]
[LoggingExternalInterface logging null]
[LoggingExternalInterface logging -144115188075855872]
[LoggingExternalInterface logging null]
[LoggingExternalInterface logging -144115188075855872]
[LoggingExternalInterface logging null]
[LoggingExternalInterface logging -144115188075855872]
[LoggingExternalInterface logging null]
[LoggingExternalInterface logging -144115188075855872]
[LoggingExternalInterface logging null]
[LoggingExternalInterface logging -144115188075855872]
[LoggingExternalInterface logging null]
[LoggingExternalInterface logging -144115188075855872]
[LoggingExternalInterface logging null]
[LoggingExternalInterface logging -144115188075855872]
[LoggingExternalInterface logging null]
[LoggingExternalInterface logging -144115188075855872]
[LoggingExternalInterface logging null]
[LoggingExternalInterface logging -144115188075855872]
[LoggingExternalInterface logging null]
[LoggingExternalInterface logging -144115188075855872]
[LoggingExternalInterface logging null]
[LoggingExternalInterface logging -144115188075855872]
[LoggingExternalInterface logging null]
[LoggingExternalInterface logging -144115188075855872]
[LoggingExternalInterface logging null]
[LoggingExternalInterface logging -144115188075855872]
[LoggingExternalInterface logging null]
[LoggingExternalInterface logging -144115188075855872]
[LoggingExternalInterface logging null]
[LoggingExternalInterface logging -144115188075855872]
[LoggingExternalInterface logging null]
[LoggingExternalInterface logging -144115188075855872]
[LoggingExternalInterface logging null]
[LoggingExternalInterface logging -144115188075855872]
[LoggingExternalInterface logging null]
[LoggingExternalInterface logging -144115188075855872]
[LoggingExternalInterface logging null]
[LoggingExternalInterface logging -144115188075855872]
[LoggingExternalInterface logging null]
[LoggingExternalInterface logging -144115188075855872]
[LoggingExternalInterface logging null]
[LoggingExternalInterface logging -144115188075855872]
[LoggingExternalInterface logging null]
[LoggingExternalInterface logging -144115188075855872]
[LoggingExternalInterface logging null]
[LoggingExternalInterface logging -144115188075855872]
[LoggingExternalInterface logging null]
[LoggingExternalInterface logging -144115188075855872]
[LoggingExternalInterface logging null]
[LoggingExternalInterface logging -144115188075855872]
[LoggingExternalInterface logging null]
[LoggingExternalInterface logging -144115188075855872]
[LoggingExternalInterface logging null]
[LoggingExternalInterface logging -144115188075855872]
[LoggingExternalInterface logging null]
[LoggingExternalInterface logging -144115188075855872]
[LoggingExternalInterface logging null]
[LoggingExternalInterface logging -144115188075855872]
[LoggingExternalInterface logging null]
[LoggingExternalInterface logging -144115188075855872]
[LoggingExternalInterface logging null]
[LoggingExternalInterface logging -144115188075855872]
[LoggingExternalInterface logging null]
[LoggingExternalInterface logging -144115188075855872]
[LoggingExternalInterface logging null]
[LoggingExternalInterface logging -144115188075855872]
[LoggingExternalInterface logging null]
[LoggingExternalInterface logging -144115188075855872]
[LoggingExternalInterface logging null]
[LoggingExternalInterface logging -144115188075855872]
[LoggingExternalInterface logging null]
[LoggingExternalInterface logging -144115188075855872]
[LoggingExternalInterface logging null]
[LoggingExternalInterface logging -144115188075855872]
[LoggingExternalInterface logging null]
[LoggingExternalInterface logging -144115188075855872]
[LoggingExternalInterface logging null]
[LoggingExternalInterface logging -144115188075855872]
[LoggingExternalInterface logging null]
[LoggingExternalInterface logging -144115188075855872]
[LoggingExternalInterface logging null]
[LoggingExternalInterface logging -144115188075855872]
[LoggingExternalInterface logging null]
[LoggingExternalInterface logging -144115188075855872]
[LoggingExternalInterface logging null]
[LoggingExternalInterface logging -144115188075855872]
[LoggingExternalInterface logging null]
[LoggingExternalInterface logging -144115188075855872]
[LoggingExternalInterface logging null]
[LoggingExternalInterface logging -144115188075855872]
[LoggingExternalInterface logging null]
[LoggingExternalInterface logging -144115188075855872]
[LoggingExternalInterface logging null]
[LoggingExternalInterface logging -144115188075855872]
[LoggingExternalInterface logging null]
[LoggingExternalInterface logging -144115188075855872]
[LoggingExternalInterface logging null]
[LoggingExternalInterface logging -144115188075855872]
[LoggingExternalInterface logging null]
[LoggingExternalInterface logging -144115188075855872]
[LoggingExternalInterface logging null]
[LoggingExternalInterface logging -144115188075855872]
[LoggingExternalInterface logging null]
[LoggingExternalInterface logging -144115188075855872]
[LoggingExternalInterface logging null]
[LoggingExternalInterface logging -144115188075855872]
[LoggingExternalInterface logging null]
[LoggingExternalInterface logging -144115188075855872]
[LoggingExternalInterface logging null]
[LoggingExternalInterface logging -144115188075855872]
[LoggingExternalInterface logging null]
[LoggingExternalInterface logging -144115188075855872]
[LoggingExternalInterface logging null]
[LoggingExternalInterface logging -144115188075855872]
[LoggingExternalInterface logging null]
[LoggingExternalInterface logging -144115188075855872]
[LoggingExternalInterface logging null]
[LoggingExternalInterface logging -144115188075855872]
[LoggingExternalInterface logging null]
[LoggingExternalInterface logging -144115188075855872]
[LoggingExternalInterface logging null]
[LoggingExternalInterface logging -144115188075855872]
[LoggingExternalInterface logging null]
[LoggingExternalInterface logging -144115188075855872]
[LoggingExternalInterface logging null]
[LoggingExternalInterface logging -144115188075855872]
[LoggingExternalInterface logging null]
[LoggingExternalInterface logging -144115188075855872]
[LoggingExternalInterface logging null]
[LoggingExternalInterface logging -144115188075855872]
[LoggingExternalInterface logging null]
[LoggingExternalInterface logging -144115188075855872]
[LoggingExternalInterface logging null]
[LoggingExternalInterface logging -144115188075855872]
[LoggingExternalInterface logging null]
[LoggingExternalInterface logging -144115188075855872]
[LoggingExternalInterface logging null]
[trap unreachable]
[fuzz-exec] export func_38
[trap null ref]
[fuzz-exec] export func_38_invoker
[trap null ref]
[fuzz-exec] export func_41_invoker
[LoggingExternalInterface logging i32x4 0x9817ba0a 0x7f006700 0x00540000 0x1eb90029]
[trap null ref]
[fuzz-exec] export func_43_invoker
[LoggingExternalInterface logging i32x4 0xffff867c 0xffffffff 0x00000000 0x00010000]
[fuzz-exec] export func_45_invoker
[exception thrown: imported-wasm-tag 536870911]
wasm-opt: /home/tamaron/work/binaryen/src/ir/eh-utils.cpp:122: void wasm::EHUtils::handleBlockNestedPop(wasm::Try*, wasm::Function*, wasm::Module&): Assertion `pop && "Pop has not been found in this catch"' failed.
