[fuzz-exec] export global$_1
[LoggingExternalInterface logging -576460752303423488]
[fuzz-exec] export global$_2
[LoggingExternalInterface logging function]
[fuzz-exec] export global$_13
[LoggingExternalInterface logging string("\ud800\udf48\u20ac")]
[fuzz-exec] export ref_func_target_1_invoker
[trap unreachable]
[fuzz-exec] export ref_func_target_2_invoker
[trap unreachable]
[fuzz-exec] export func
[fuzz-exec] note result: func => function
[fuzz-exec] export func_26
[exception thrown: imported-wasm-tag 4194305]
[fuzz-exec] export func_26_invoker
[exception thrown: imported-wasm-tag 4194305]
[fuzz-exec] export func_29
[LoggingExternalInterface logging object(null)]
[fuzz-exec] export func_29_invoker
[LoggingExternalInterface logging object(null)]
[LoggingExternalInterface logging object(null)]
[LoggingExternalInterface logging object(null)]
[fuzz-exec] export func_31
[trap unreachable]
[fuzz-exec] export func_33_invoker
[LoggingExternalInterface logging -9223372036854775808]
[LoggingExternalInterface logging -9223372036854775808]
[wasm-validator error in function 12] unexpected false: , on 
(try (result (ref i31))
 (do
  (ref.i31
   (i32.const 0)
  )
 )
 (catch $tag$0
  (drop
   (block (result v128)
    (drop
     (ref.as_non_null
      (pop (ref $14))
     )
    )
    (v128.const i32x4 0x00000000 0x00000000 0x00000000 0x00000000)
   )
  )
  (ref.i31
   (i32.const -1)
  )
 )
 (catch_all
  (ref.cast (ref i31)
   (ref.i31
    (i32.const 70)
   )
  )
 )
)
catch's body (tag$0)'s pop's location is not validFatal: error after opts
