[fuzz-exec] export global$
[LoggingExternalInterface logging function]
[fuzz-exec] export global$_1
[LoggingExternalInterface logging object(null)]
[fuzz-exec] export global$_3
[LoggingExternalInterface logging -2097153]
[fuzz-exec] export global$_5
[LoggingExternalInterface logging function]
[fuzz-exec] export ref_func_target_invoker
[trap null ref]
[fuzz-exec] export func_15
[fuzz-exec] note result: func_15 => object(null)
[fuzz-exec] export func_15_invoker
[fuzz-exec] export func_18
[fuzz-exec] note result: func_18 => 0
[fuzz-exec] export func_19
[LoggingExternalInterface logging i32x4 0xffd9731f 0xffffffff 0x00000000 0xc0480000]
[fuzz-exec] note result: func_19 => function
[fuzz-exec] export func_20_invoker
[exception thrown: imported-wasm-tag -1]
wasm-opt: /home/tamaron/work/binaryen/src/ir/eh-utils.cpp:122: void wasm::EHUtils::handleBlockNestedPop(wasm::Try*, wasm::Function*, wasm::Module&): Assertion `pop && "Pop has not been found in this catch"' failed.
