[fuzz-exec] export global$_4
[LoggingExternalInterface logging 32766]
[fuzz-exec] export ref_func_target_invoker
exception thrown: RuntimeError: unreachable
[fuzz-exec] export func_invoker
[fuzz-exec] export func_20
exception thrown: RuntimeError: operation does not support unaligned accesses
[fuzz-exec] export func_20_invoker
exception thrown: RuntimeError: operation does not support unaligned accesses
[fuzz-exec] export func_25_invoker
[fuzz-exec] export func_28_invoker
exception thrown: RuntimeError: unreachable
[fuzz-exec] export func_32_invoker
exception thrown: [object WebAssembly.Exception]
[fuzz-exec] export func_35
[fuzz-exec] export func_35_invoker
[fuzz-exec] export func_37
[LoggingExternalInterface logging 134217728]
[fuzz-exec] export func_38
[fuzz-exec] note result: func_38 => -19
[fuzz-exec] export func_39_invoker
[LoggingExternalInterface logging 549755813888]
[LoggingExternalInterface logging 134217728]
[LoggingExternalInterface logging 549755813888]
[LoggingExternalInterface logging 134217728]
[LoggingExternalInterface logging 549755813888]
[LoggingExternalInterface logging 134217728]
