[fuzz-exec] export global$
[LoggingExternalInterface logging object(null)]
[fuzz-exec] export global$_6
[LoggingExternalInterface logging externref(105)]
[fuzz-exec] export global$_7
[LoggingExternalInterface logging -109]
[fuzz-exec] export global$_9
[LoggingExternalInterface logging -35184372088831]
[fuzz-exec] export global$_11
[LoggingExternalInterface logging -2147483648]
[fuzz-exec] export global$_13
[LoggingExternalInterface logging object(null)]
[fuzz-exec] export global$_14
[LoggingExternalInterface logging object(null)]
[fuzz-exec] export func
[LoggingExternalInterface logging -0.171]
[LoggingExternalInterface logging externref(51)]
[fuzz-exec] note result: func => object(null)
[fuzz-exec] export func_11_invoker
[fuzz-exec] export func_15
[fuzz-exec] note result: func_15 => 70368744177664
[fuzz-exec] export func_15_invoker
[fuzz-exec] export func_17
[fuzz-exec] note result: func_17 => object(null)
[fuzz-exec] export func_17_invoker
[fuzz-exec] export func_19
[trap null ref]
[fuzz-exec] export func_19_invoker
[trap null ref]
[fuzz-exec] export func_21
[LoggingExternalInterface logging -6865585 0]
[fuzz-exec] note result: func_21 => -2251799813685247.2
[fuzz-exec] export func_21_invoker
[LoggingExternalInterface logging -6865585 0]
[fuzz-exec] export func_23_invoker
[fuzz-exec] export func_25
[exception thrown: tag$0 -2147483648]
[fuzz-exec] export func_26
[LoggingExternalInterface logging function]
[LoggingExternalInterface logging -118]
[LoggingExternalInterface logging -118]
[LoggingExternalInterface logging -118]
[LoggingExternalInterface logging -118]
[LoggingExternalInterface logging -118]
[LoggingExternalInterface logging -118]
[LoggingExternalInterface logging -118]
[LoggingExternalInterface logging -118]
[LoggingExternalInterface logging -118]
[LoggingExternalInterface logging -118]
[LoggingExternalInterface logging -118]
[LoggingExternalInterface logging -118]
[LoggingExternalInterface logging -118]
[LoggingExternalInterface logging -118]
[LoggingExternalInterface logging -118]
[LoggingExternalInterface logging -118]
[LoggingExternalInterface logging -118]
[LoggingExternalInterface logging -118]
[LoggingExternalInterface logging -118]
[LoggingExternalInterface logging -118]
[LoggingExternalInterface logging -118]
[LoggingExternalInterface logging -118]
[LoggingExternalInterface logging -118]
[LoggingExternalInterface logging -118]
[LoggingExternalInterface logging -118]
[LoggingExternalInterface logging -118]
[LoggingExternalInterface logging -118]
[LoggingExternalInterface logging -118]
[LoggingExternalInterface logging -118]
[LoggingExternalInterface logging -118]
[LoggingExternalInterface logging -118]
[LoggingExternalInterface logging -118]
[LoggingExternalInterface logging -118]
[LoggingExternalInterface logging -118]
[LoggingExternalInterface logging -118]
[LoggingExternalInterface logging -118]
[LoggingExternalInterface logging -118]
[LoggingExternalInterface logging -118]
[LoggingExternalInterface logging -118]
[LoggingExternalInterface logging -118]
[LoggingExternalInterface logging -118]
[LoggingExternalInterface logging -118]
[LoggingExternalInterface logging -118]
[LoggingExternalInterface logging -118]
[LoggingExternalInterface logging -118]
[LoggingExternalInterface logging -118]
[LoggingExternalInterface logging -118]
[LoggingExternalInterface logging -118]
[LoggingExternalInterface logging -118]
[LoggingExternalInterface logging -118]
[LoggingExternalInterface logging -118]
[LoggingExternalInterface logging -118]
[LoggingExternalInterface logging -118]
[LoggingExternalInterface logging -118]
[LoggingExternalInterface logging -118]
[LoggingExternalInterface logging -118]
[LoggingExternalInterface logging -118]
[LoggingExternalInterface logging -118]
[LoggingExternalInterface logging -118]
[LoggingExternalInterface logging -118]
[LoggingExternalInterface logging -118]
[LoggingExternalInterface logging -118]
[LoggingExternalInterface logging -118]
[LoggingExternalInterface logging -118]
[LoggingExternalInterface logging -118]
[LoggingExternalInterface logging -118]
[LoggingExternalInterface logging -118]
[LoggingExternalInterface logging -118]
[LoggingExternalInterface logging -118]
[LoggingExternalInterface logging -118]
[LoggingExternalInterface logging -118]
[LoggingExternalInterface logging -118]
[trap unreachable]
[fuzz-exec] export func_27_invoker
[exception thrown: tag$1]
[fuzz-exec] export func_29_invoker
[fuzz-exec] export func_31_invoker
[LoggingExternalInterface logging object(null)]
[LoggingExternalInterface logging object(null)]
[LoggingExternalInterface logging object(null)]
[fuzz-exec] export func_33
[LoggingExternalInterface logging externref(105)]
[LoggingExternalInterface logging null]
[LoggingExternalInterface logging null]
[LoggingExternalInterface logging null]
[LoggingExternalInterface logging null]
[LoggingExternalInterface logging null]
[LoggingExternalInterface logging null]
[LoggingExternalInterface logging null]
[LoggingExternalInterface logging null]
[LoggingExternalInterface logging null]
[LoggingExternalInterface logging null]
[LoggingExternalInterface logging null]
[LoggingExternalInterface logging null]
[LoggingExternalInterface logging null]
[LoggingExternalInterface logging null]
[LoggingExternalInterface logging null]
[LoggingExternalInterface logging null]
[LoggingExternalInterface logging null]
[LoggingExternalInterface logging null]
[LoggingExternalInterface logging null]
[LoggingExternalInterface logging null]
[LoggingExternalInterface logging null]
[LoggingExternalInterface logging null]
[LoggingExternalInterface logging null]
[LoggingExternalInterface logging null]
[LoggingExternalInterface logging null]
[LoggingExternalInterface logging null]
[LoggingExternalInterface logging null]
[LoggingExternalInterface logging null]
[LoggingExternalInterface logging null]
[LoggingExternalInterface logging null]
[LoggingExternalInterface logging null]
[LoggingExternalInterface logging null]
[LoggingExternalInterface logging null]
[LoggingExternalInterface logging null]
[LoggingExternalInterface logging null]
[LoggingExternalInterface logging null]
[LoggingExternalInterface logging null]
[LoggingExternalInterface logging null]
[LoggingExternalInterface logging null]
[LoggingExternalInterface logging null]
[LoggingExternalInterface logging null]
[LoggingExternalInterface logging null]
[LoggingExternalInterface logging null]
[LoggingExternalInterface logging null]
[LoggingExternalInterface logging null]
[LoggingExternalInterface logging null]
[LoggingExternalInterface logging null]
[LoggingExternalInterface logging null]
[LoggingExternalInterface logging null]
[LoggingExternalInterface logging null]
[LoggingExternalInterface logging null]
[LoggingExternalInterface logging null]
[LoggingExternalInterface logging null]
[LoggingExternalInterface logging null]
[LoggingExternalInterface logging null]
[LoggingExternalInterface logging null]
[LoggingExternalInterface logging null]
[LoggingExternalInterface logging null]
[LoggingExternalInterface logging null]
[LoggingExternalInterface logging null]
[LoggingExternalInterface logging null]
[LoggingExternalInterface logging null]
[LoggingExternalInterface logging null]
[LoggingExternalInterface logging null]
[LoggingExternalInterface logging null]
[LoggingExternalInterface logging null]
[LoggingExternalInterface logging null]
[LoggingExternalInterface logging null]
[LoggingExternalInterface logging null]
[LoggingExternalInterface logging null]
[LoggingExternalInterface logging null]
[LoggingExternalInterface logging null]
[LoggingExternalInterface logging null]
[LoggingExternalInterface logging null]
[LoggingExternalInterface logging null]
[LoggingExternalInterface logging null]
[LoggingExternalInterface logging null]
[LoggingExternalInterface logging null]
[LoggingExternalInterface logging null]
[LoggingExternalInterface logging null]
[LoggingExternalInterface logging null]
[LoggingExternalInterface logging null]
[LoggingExternalInterface logging null]
[LoggingExternalInterface logging null]
[LoggingExternalInterface logging null]
[LoggingExternalInterface logging null]
[trap unreachable]
[fuzz-exec] export func_35_invoker
[fuzz-exec] export func_37_invoker
[fuzz-exec] export func_40_invoker
[trap truncSFloat of nan]
[fuzz-exec] export func_43_invoker
[LoggingExternalInterface logging function]
[trap unreachable]
[fuzz-exec] export func_45
[fuzz-exec] note result: func_45 => i32x4 0xffe5001c 0x4b540000 0x00007729 0x00500100
[fuzz-exec] export func_46_invoker
[fuzz-exec] export func_50_invoker
[fuzz-exec] export func_52
[fuzz-exec] note result: func_52 => -4294967296
[fuzz-exec] export func_52_invoker
[fuzz-exec] export func_54
[LoggingExternalInterface logging object(null)]
[fuzz-exec] note result: func_54 => object(null)
[fuzz-exec] export func_54_invoker
[LoggingExternalInterface logging object(null)]
[LoggingExternalInterface logging object(null)]
[LoggingExternalInterface logging object(null)]
[LoggingExternalInterface logging object(null)]
[LoggingExternalInterface logging object(null)]
[fuzz-exec] export func_57_invoker
[fuzz-exec] export func_60
[fuzz-exec] note result: func_60 => i31ref(256)
[fuzz-exec] export func_60_invoker
[fuzz-exec] export func_62
[fuzz-exec] note result: func_62 => string("\u20ac\ud800\udf48")
[fuzz-exec] export func_62_invoker
[fuzz-exec] export func_64
[LoggingExternalInterface logging -nan:0xfffffffffff9e]
[LoggingExternalInterface logging function]
[LoggingExternalInterface logging function]
[LoggingExternalInterface logging function]
[LoggingExternalInterface logging function]
[LoggingExternalInterface logging function]
[LoggingExternalInterface logging function]
[LoggingExternalInterface logging function]
[LoggingExternalInterface logging function]
[LoggingExternalInterface logging function]
[LoggingExternalInterface logging function]
[LoggingExternalInterface logging function]
[LoggingExternalInterface logging function]
[LoggingExternalInterface logging function]
[LoggingExternalInterface logging function]
[LoggingExternalInterface logging function]
[LoggingExternalInterface logging function]
[LoggingExternalInterface logging function]
[LoggingExternalInterface logging function]
[LoggingExternalInterface logging function]
[LoggingExternalInterface logging function]
[LoggingExternalInterface logging function]
[LoggingExternalInterface logging function]
[LoggingExternalInterface logging function]
[LoggingExternalInterface logging function]
[LoggingExternalInterface logging function]
[LoggingExternalInterface logging function]
[LoggingExternalInterface logging function]
[LoggingExternalInterface logging function]
[LoggingExternalInterface logging function]
[LoggingExternalInterface logging function]
[LoggingExternalInterface logging function]
[LoggingExternalInterface logging function]
[LoggingExternalInterface logging function]
[LoggingExternalInterface logging function]
[trap unreachable]
[fuzz-exec] export func_64_invoker
[LoggingExternalInterface logging -nan:0xfffffffffff9e]
[LoggingExternalInterface logging function]
[LoggingExternalInterface logging function]
[LoggingExternalInterface logging function]
[LoggingExternalInterface logging function]
[LoggingExternalInterface logging function]
[LoggingExternalInterface logging function]
[LoggingExternalInterface logging function]
[LoggingExternalInterface logging function]
[LoggingExternalInterface logging function]
[LoggingExternalInterface logging function]
[LoggingExternalInterface logging function]
[LoggingExternalInterface logging function]
[LoggingExternalInterface logging function]
[LoggingExternalInterface logging function]
[LoggingExternalInterface logging function]
[LoggingExternalInterface logging function]
[LoggingExternalInterface logging function]
[LoggingExternalInterface logging function]
[LoggingExternalInterface logging function]
[LoggingExternalInterface logging function]
[LoggingExternalInterface logging function]
[LoggingExternalInterface logging function]
[LoggingExternalInterface logging function]
[LoggingExternalInterface logging function]
[LoggingExternalInterface logging function]
[LoggingExternalInterface logging function]
[LoggingExternalInterface logging function]
[LoggingExternalInterface logging function]
[LoggingExternalInterface logging function]
[LoggingExternalInterface logging function]
[LoggingExternalInterface logging function]
[LoggingExternalInterface logging function]
[LoggingExternalInterface logging function]
[LoggingExternalInterface logging function]
[LoggingExternalInterface logging function]
[LoggingExternalInterface logging function]
[LoggingExternalInterface logging function]
[LoggingExternalInterface logging function]
[LoggingExternalInterface logging function]
[LoggingExternalInterface logging function]
[LoggingExternalInterface logging function]
[LoggingExternalInterface logging function]
[LoggingExternalInterface logging function]
[LoggingExternalInterface logging function]
[LoggingExternalInterface logging function]
[LoggingExternalInterface logging function]
[LoggingExternalInterface logging function]
[LoggingExternalInterface logging function]
[trap unreachable]
[fuzz-exec] export func_67
[fuzz-exec] note result: func_67 => i32x4 0xc0000000 0xffffffbc 0x00000000 0xfffe0000
[fuzz-exec] export func_67_invoker
[fuzz-exec] export func_70_invoker
[LoggingExternalInterface logging -36028797018963968]
[LoggingExternalInterface logging -36028797018963968]
[LoggingExternalInterface logging -36028797018963968]
[LoggingExternalInterface logging -36028797018963968]
[LoggingExternalInterface logging -36028797018963968]
[LoggingExternalInterface logging -36028797018963968]
[LoggingExternalInterface logging -36028797018963968]
[LoggingExternalInterface logging -36028797018963968]
[LoggingExternalInterface logging -36028797018963968]
[LoggingExternalInterface logging -36028797018963968]
[LoggingExternalInterface logging -36028797018963968]
[LoggingExternalInterface logging -36028797018963968]
[LoggingExternalInterface logging -36028797018963968]
[LoggingExternalInterface logging -36028797018963968]
[LoggingExternalInterface logging -36028797018963968]
[LoggingExternalInterface logging -36028797018963968]
[LoggingExternalInterface logging -36028797018963968]
[LoggingExternalInterface logging -36028797018963968]
[LoggingExternalInterface logging -36028797018963968]
[LoggingExternalInterface logging -36028797018963968]
[LoggingExternalInterface logging -36028797018963968]
[LoggingExternalInterface logging -36028797018963968]
[LoggingExternalInterface logging -36028797018963968]
[LoggingExternalInterface logging -36028797018963968]
[LoggingExternalInterface logging -36028797018963968]
[LoggingExternalInterface logging -36028797018963968]
[LoggingExternalInterface logging -36028797018963968]
[LoggingExternalInterface logging -36028797018963968]
[LoggingExternalInterface logging -36028797018963968]
[LoggingExternalInterface logging -36028797018963968]
[LoggingExternalInterface logging -36028797018963968]
[LoggingExternalInterface logging -36028797018963968]
[LoggingExternalInterface logging -36028797018963968]
[LoggingExternalInterface logging -36028797018963968]
[LoggingExternalInterface logging -36028797018963968]
[LoggingExternalInterface logging -36028797018963968]
[LoggingExternalInterface logging -36028797018963968]
[LoggingExternalInterface logging -36028797018963968]
[LoggingExternalInterface logging -36028797018963968]
[LoggingExternalInterface logging -36028797018963968]
[LoggingExternalInterface logging -36028797018963968]
[LoggingExternalInterface logging -36028797018963968]
[LoggingExternalInterface logging -36028797018963968]
[LoggingExternalInterface logging -36028797018963968]
[LoggingExternalInterface logging -36028797018963968]
[LoggingExternalInterface logging -36028797018963968]
[LoggingExternalInterface logging -36028797018963968]
[LoggingExternalInterface logging -36028797018963968]
[LoggingExternalInterface logging -36028797018963968]
[LoggingExternalInterface logging -36028797018963968]
[LoggingExternalInterface logging -36028797018963968]
[LoggingExternalInterface logging -36028797018963968]
[LoggingExternalInterface logging -36028797018963968]
[LoggingExternalInterface logging -36028797018963968]
[LoggingExternalInterface logging -36028797018963968]
[LoggingExternalInterface logging -36028797018963968]
[LoggingExternalInterface logging -36028797018963968]
[LoggingExternalInterface logging -36028797018963968]
[LoggingExternalInterface logging -36028797018963968]
[LoggingExternalInterface logging -36028797018963968]
[LoggingExternalInterface logging -36028797018963968]
[LoggingExternalInterface logging -3602879701896wasm-opt: /home/tamaron/work/binaryen/src/ir/eh-utils.cpp:122: void wasm::EHUtils::handleBlockNestedPop(wasm::Try*, wasm::Function*, wasm::Module&): Assertion `pop && "Pop has not been found in this catch"' failed.
