[fuzz-exec] export global$
[LoggingExternalInterface logging null]
[fuzz-exec] export func
[fuzz-exec] note result: func => -1099511627776
[fuzz-exec] export func_invoker
[fuzz-exec] export func_13_invoker
[fuzz-exec] export func_15
[trap null ref]
[fuzz-exec] export func_15_invoker
[trap null ref]
[fuzz-exec] export func_20
[trap unreachable]
[fuzz-exec] export func_20_invoker
[trap unreachable]
[fuzz-exec] export func_23
[trap null ref]
[fuzz-exec] export func_24
[LoggingExternalInterface logging object(null)]
[LoggingExternalInterface logging function]
[LoggingExternalInterface logging string("")]
[LoggingExternalInterface logging object(null)]
[LoggingExternalInterface logging function]
[LoggingExternalInterface logging string("")]
[LoggingExternalInterface logging object(null)]
[LoggingExternalInterface logging function]
[LoggingExternalInterface logging string("")]
[LoggingExternalInterface logging object(null)]
[LoggingExternalInterface logging function]
[LoggingExternalInterface logging string("")]
[LoggingExternalInterface logging object(null)]
[LoggingExternalInterface logging function]
[LoggingExternalInterface logging string("")]
[LoggingExternalInterface logging object(null)]
[LoggingExternalInterface logging function]
[LoggingExternalInterface logging string("")]
[LoggingExternalInterface logging object(null)]
[LoggingExternalInterface logging function]
[LoggingExternalInterface logging string("")]
[LoggingExternalInterface logging object(null)]
[LoggingExternalInterface logging function]
[LoggingExternalInterface logging string("")]
[LoggingExternalInterface logging object(null)]
[LoggingExternalInterface logging function]
[LoggingExternalInterface logging string("")]
[LoggingExternalInterface logging object(null)]
[LoggingExternalInterface logging function]
[LoggingExternalInterface logging string("")]
[LoggingExternalInterface logging object(null)]
[LoggingExternalInterface logging function]
[LoggingExternalInterface logging string("")]
[LoggingExternalInterface logging object(null)]
[LoggingExternalInterface logging function]
[LoggingExternalInterface logging string("")]
[LoggingExternalInterface logging object(null)]
[LoggingExternalInterface logging function]
[LoggingExternalInterface logging string("")]
[LoggingExternalInterface logging object(null)]
[LoggingExternalInterface logging function]
[LoggingExternalInterface logging string("")]
[LoggingExternalInterface logging object(null)]
[LoggingExternalInterface logging function]
[LoggingExternalInterface logging string("")]
[LoggingExternalInterface logging object(null)]
[LoggingExternalInterface logging function]
[LoggingExternalInterface logging string("")]
[LoggingExternalInterface logging object(null)]
[LoggingExternalInterface logging function]
[LoggingExternalInterface logging string("")]
[LoggingExternalInterface logging object(null)]
[LoggingExternalInterface logging function]
[LoggingExternalInterface logging string("")]
[LoggingExternalInterface logging object(null)]
[LoggingExternalInterface logging function]
[LoggingExternalInterface logging string("")]
[LoggingExternalInterface logging object(null)]
[LoggingExternalInterface logging function]
[LoggingExternalInterface logging string("")]
[LoggingExternalInterface logging object(null)]
[LoggingExternalInterface logging function]
[LoggingExternalInterface logging string("")]
[LoggingExternalInterface logging object(null)]
[LoggingExternalInterface logging function]
[LoggingExternalInterface logging string("")]
[LoggingExternalInterface logging object(null)]
[LoggingExternalInterface logging function]
[LoggingExternalInterface logging string("")]
[LoggingExternalInterface logging object(null)]
[LoggingExternalInterface logging function]
[LoggingExternalInterface logging string("")]
[LoggingExternalInterface logging object(null)]
[LoggingExternalInterface logging function]
[LoggingExternalInterface logging string("")]
[LoggingExternalInterface logging object(null)]
[LoggingExternalInterface logging function]
[LoggingExternalInterface logging string("")]
[LoggingExternalInterface logging object(null)]
[LoggingExternalInterface logging function]
[LoggingExternalInterface logging string("")]
[LoggingExternalInterface logging object(null)]
[LoggingExternalInterface logging function]
[LoggingExternalInterface logging string("")]
[LoggingExternalInterface logging object(null)]
[LoggingExternalInterface logging function]
[LoggingExternalInterface logging string("")]
[LoggingExternalInterface logging object(null)]
[LoggingExternalInterface logging function]
[LoggingExternalInterface logging string("")]
[LoggingExternalInterface logging object(null)]
[LoggingExternalInterface logging function]
[LoggingExternalInterface logging string("")]
[LoggingExternalInterface logging object(null)]
[LoggingExternalInterface logging function]
[LoggingExternalInterface logging string("")]
[LoggingExternalInterface logging object(null)]
[LoggingExternalInterface logging function]
[LoggingExternalInterface logging string("")]
[LoggingExternalInterface logging object(null)]
[LoggingExternalInterface logging function]
[LoggingExternalInterface logging string("")]
[LoggingExternalInterface logging object(null)]
[LoggingExternalInterface logging function]
[LoggingExternalInterface logging string("")]
[LoggingExternalInterface logging object(null)]
[LoggingExternalInterface logging function]
[LoggingExternalInterface logging string("")]
[LoggingExternalInterface logging object(null)]
[LoggingExternalInterface logging function]
[LoggingExternalInterface logging string("")]
[LoggingExternalInterface logging object(null)]
[LoggingExternalInterface logging function]
[LoggingExternalInterface logging string("")]
[LoggingExternalInterface logging object(null)]
[LoggingExternalInterface logging function]
[LoggingExternalInterface logging string("")]
[LoggingExternalInterface logging object(null)]
[LoggingExternalInterface logging function]
[LoggingExternalInterface logging string("")]
[LoggingExternalInterface logging object(null)]
[LoggingExternalInterface logging function]
[LoggingExternalInterface logging string("")]
[LoggingExternalInterface logging object(null)]
[LoggingExternalInterface logging function]
[LoggingExternalInterface logging string("")]
[LoggingExternalInterface logging object(null)]
[LoggingExternalInterface logging function]
[LoggingExternalInterface logging string("")]
[LoggingExternalInterface logging object(null)]
[LoggingExternalInterface logging function]
[LoggingExternalInterface logging string("")]
[LoggingExternalInterface logging object(null)]
[LoggingExternalInterface logging function]
[LoggingExternalInterface logging string("")]
[LoggingExternalInterface logging object(null)]
[LoggingExternalInterface logging function]
[LoggingExternalInterface logging string("")]
[LoggingExternalInterface logging object(null)]
[LoggingExternalInterface logging function]
[LoggingExternalInterface logging string("")]
[LoggingExternalInterface logging object(null)]
[LoggingExternalInterface logging function]
[LoggingExternalInterface logging string("")]
[LoggingExternalInterface logging object(null)]
[LoggingExternalInterface logging function]
[LoggingExternalInterface logging string("")]
[LoggingExternalInterface logging object(null)]
[LoggingExternalInterface logging function]
[LoggingExternalInterface logging string("")]
[LoggingExternalInterface logging object(null)]
[LoggingExternalInterface logging function]
[LoggingExternalInterface logging string("")]
[LoggingExternalInterface logging object(null)]
[LoggingExternalInterface logging function]
[LoggingExternalInterface logging string("")]
[LoggingExternalInterface logging object(null)]
[LoggingExternalInterface logging function]
[LoggingExternalInterface logging string("")]
[LoggingExternalInterface logging object(null)]
[LoggingExternalInterface logging function]
[LoggingExternalInterface logging string("")]
[LoggingExternalInterface logging object(null)]
[LoggingExternalInterface logging function]
[LoggingExternalInterface logging string("")]
[LoggingExternalInterface logging object(null)]
[LoggingExternalInterface logging function]
[LoggingExternalInterface logging string("")]
[LoggingExternalInterface logging object(null)]
[LoggingExternalInterface logging function]
[LoggingExternalInterface logging string("")]
[LoggingExternalInterface logging object(null)]
[LoggingExternalInterface logging function]
[LoggingExternalInterface logging string("")]
[LoggingExternalInterface logging object(null)]
[LoggingExternalInterface logging function]
[LoggingExternalInterface logging string("")]
[LoggingExternalInterface logging object(null)]
[LoggingExternalInterface logging function]
[LoggingExternalInterface logging string("")]
[LoggingExternalInterface logging object(null)]
[LoggingExternalInterface logging function]
[LoggingExternalInterface logging string("")]
[LoggingExternalInterface logging object(null)]
[LoggingExternalInterface logging function]
[LoggingExternalInterface logging string("")]
[LoggingExternalInterface logging object(null)]
[LoggingExternalInterface logging function]
[LoggingExternalInterface logging string("")]
[LoggingExternalInterface logging object(null)]
[LoggingExternalInterface logging function]
[LoggingExternalInterface logging string("")]
[LoggingExternalInterface logging object(null)]
[LoggingExternalInterface logging function]
[LoggingExternalInterface logging string("")]
[LoggingExternalInterface logging object(null)]
[LoggingExternalInterface logging function]
[LoggingExternalInterface logging string("")]
[LoggingExternalInterface logging object(null)]
[LoggingExternalInterface logging function]
[LoggingExternalInterface logging string("")]
[LoggingExternalInterface logging object(null)]
[LoggingExternalInterface logging function]
[LoggingExternalInterface logging string("")]
[LoggingExternalInterface logging object(null)]
[LoggingExternalInterface logging function]
[LoggingExternalInterface logging string("")]
[LoggingExternalInterface logging object(null)]
[LoggingExternalInterface logging function]
[LoggingExternalInterface logging string("")]
[LoggingExternalInterface logging object(null)]
[LoggingExternalInterface logging function]
[LoggingExternalInterface logging string("")]
[LoggingExternalInterface logging object(null)]
[LoggingExternalInterface logging function]
[LoggingExternalInterface logging string("")]
[LoggingExternalInterface logging object(null)]
[LoggingExternalInterface logging function]
[LoggingExternalInterface logging string("")]
[LoggingExternalInterface logging object(null)]
[LoggingExternalInterface logging function]
[LoggingExternalInterface logging string("")]
[LoggingExternalInterface logging object(null)]
[LoggingExternalInterface logging function]
[LoggingExternalInterface logging string("")]
[LoggingExternalInterface logging object(null)]
[LoggingExternalInterface logging function]
[LoggingExternalInterface logging string("")]
[LoggingExternalInterface logging object(null)]
[LoggingExternalInterface logging function]
[LoggingExternalInterface logging string("")]
[trap unreachable]
[fuzz-exec] export func_25
[LoggingExternalInterface logging 0]
[fuzz-exec] note result: func_25 => -nan:0xfffffffff9d1e
140737488355329
-74
[fuzz-exec] export func_25_invoker
[LoggingExternalInterface logging 0]
[LoggingExternalInterface logging 0]
[fuzz-exec] export func_27
[fuzz-exec] note result: func_27 => object(null)
[fuzz-exec] export func_28_invoker
[trap unreachable]
[fuzz-exec] export func_31
[trap unreachable]
[fuzz-exec] export func_31_invoker
[trap unreachable]
[fuzz-exec] export func_33
[fuzz-exec] note result: func_33 => 33
[fuzz-exec] export func_33_invoker
[fuzz-exec] export func_35_invoker
[fuzz-exec] export func_37
[fuzz-exec] note result: func_37 => function
[fuzz-exec] export func_39
[trap null ref]
[fuzz-exec] export func_39_invoker
[trap null ref]
[wasm-validator error in function 28] unexpected false: , on 
(try (result i64)
 (do
  (local.tee $0
   (local.tee $0
    (i64.const 9007199254740993)
   )
  )
 )
 (catch $tag$0
  (drop
   (block
    (drop
     (pop (ref null $17))
    )
    (unreachable)
   )
  )
  (call_ref $26
   (ref.func $22)
  )
 )
)
catch's body (tag$0)'s pop's location is not valid[wasm-validator error in function 28] unexpected false: , on 
(try (result (ref string))
 (do
  (if (result (ref string))
   (local.get $8)
   (then
    (string.const "")
   )
   (else
    (string.concat
     (ref.as_non_null
      (local.get $18)
     )
     (ref.as_non_null
      (local.get $18)
     )
    )
   )
  )
 )
 (catch $tag$0
  (drop
   (block
    (drop
     (pop (ref null $17))
    )
    (unreachable)
   )
  )
  (string.const "978985")
 )
)
catch's body (tag$0)'s pop's location is not validFatal: error after opts
