[fuzz-exec] export global$
[LoggingExternalInterface logging null]
[fuzz-exec] export global$_4
[LoggingExternalInterface logging -70368744177663]
[fuzz-exec] export func
[trap null ref]
[fuzz-exec] export func_11
[fuzz-exec] note result: func_11 => 34
30525
[fuzz-exec] export func_11_invoker
[fuzz-exec] export func_13
[fuzz-exec] note result: func_13 => -4194304
object(null)
-8589934592
-77
[fuzz-exec] export func_13_invoker
[fuzz-exec] export func_15
[fuzz-exec] export func_17_invoker
[fuzz-exec] export func_20_invoker
[trap null ref]
[wasm-validator error in function 11] unexpected false: , on 
(try (result i32)
 (do
  (i32.const -2470)
 )
 (catch $tag$0
  (drop
   (block (result i32)
    (drop
     (ref.as_non_null
      (pop (ref null $12))
     )
    )
    (i32.and
     (i32.const -48148719)
     (i32.const 255)
    )
   )
  )
  (if (result i32)
   (block (result i32)
    (drop
     (struct.new_default $15)
    )
    (i32.const 1)
   )
   (then
    (block $block (result i32)
     (if
      (i32.lt_u
       (i32.add
        (local.tee $29
         (i32.load16_s offset=3
          (i64.and
           (i64.const 24352)
           (i64.const 15)
          )
         )
        )
        (local.tee $30
         (block (result i32)
          (drop
           (block ;; (replaces unreachable StructNew we can't emit)
            (drop
             (i32.const -40)
            )
            (drop
             (loop $label (result f64)
              (if
               (i32.eqz
                (global.get $global$10)
               )
               (then
                (global.set $global$10
                 (i32.const 100)
                )
                (unreachable)
               )
              )
              (global.set $global$10
               (i32.sub
                (global.get $global$10)
                (i32.const 1)
               )
              )
              (if
               (i32.eqz
                (global.get $global$10)
               )
               (then
                (global.set $global$10
                 (i32.const 100)
                )
                (unreachable)
               )
              )
              (global.set $global$10
               (i32.sub
                (global.get $global$10)
                (i32.const 1)
               )
              )
              (if
               (if (result i32)
                (i32.const 32768)
                (then
                 (i32.const 65535)
                )
                (else
                 (drop
                  (ref.null none)
                 )
                 (i32.const 1)
                )
               )
               (then
                (nop)
                (nop)
                (f32.store offset=22
                 (i64.and
                  (select
                   (local.get $43)
                   (i64.const -7729545)
                   (local.get $26)
                  )
                  (i64.const 15)
                 )
                 (call $12
                  (f32.floor
                   (f32.const -524288)
                  )
                 )
                )
               )
               (else
                (if
                 (i32.lt_u
                  (local.tee $27
                   (i32.const -39)
                  )
                  (array.len
                   (local.set $4
                    (local.set $3
                     (unreachable)
                    )
                   )
                  )
                 )
                 (then
                  (array.set $7
                   (local.get $4)
                   (local.get $27)
                   (unreachable)
                  )
                 )
                )
                (table.set $0
                 (i32.const 0)
                 (ref.func $11)
                )
               )
              )
              (if
               (i32.eqz
                (global.get $global$10)
               )
               (then
                (global.set $global$10
                 (i32.const 100)
                )
                (unreachable)
               )
              )
              (global.set $global$10
               (i32.sub
                (global.get $global$10)
                (i32.const 1)
               )
              )
              (nop)
              (nop)
              (br_if $label
               (i32.eqz
                (if (result i32)
                 (global.get $global$9)
                 (then
                  (call $4)
                  (br_if $block
                   (local.get $26)
                   (block (result i32)
                    (drop
                     (block (result i64)
                      (local.set $46
                       (i64.const 4294958436)
                      )
                      (local.set $42
                       (i32.const 128)
                      )
                      (local.get $46)
                     )
                    )
                    (i32.eqz
                     (local.get $42)
                    )
                   )
                  )
                 )
                 (else
                  (nop)
                  (return)
                 )
                )
               )
              )
              (f64.const -16304)
             )
            )
            (drop
             (if (result v128)
              (i32.lt_u
               (local.tee $28
                (i32.const -71)
               )
               (array.len
                (local.tee $5
                 (block (result (ref (exact $4)))
                  (drop
                   (v128.const i32x4 0x00000000 0x00000000 0x00000000 0x00000000)
                  )
                  (array.new_default $4
                   (i32.const 10)
                  )
                 )
                )
               )
              )
              (then
               (call $14
                (array.get $4
                 (local.get $5)
                 (local.get $28)
                )
               )
              )
              (else
               (v128.const i32x4 0x80038293 0x8902b1fe 0x27000080 0x80b03f6c)
              )
             )
            )
            (drop
             (block ;; (replaces unreachable StructGet we can't emit)
              (drop
               (block ;; (replaces unreachable StructNew we can't emit)
                (drop
                 (loop
                  (if
                   (i32.eqz
                    (global.get $global$10)
                   )
                   (then
                    (global.set $global$10
                     (i32.const 100)
                    )
                    (unreachable)
                   )
                  )
                  (global.set $global$10
                   (i32.sub
                    (global.get $global$10)
                    (i32.const 1)
                   )
                  )
                  (unreachable)
                 )
                )
                (unreachable)
               )
              )
              (unreachable)
             )
            )
            (drop
             (block (result i32)
              (drop
               (loop
                (if
                 (i32.eqz
                  (global.get $global$10)
                 )
                 (then
                  (global.set $global$10
                   (i32.const 100)
                  )
                  (unreachable)
                 )
                )
                (global.set $global$10
                 (i32.sub
                  (global.get $global$10)
                  (i32.const 1)
                 )
                )
                (block
                 (block ;; (replaces unreachable StructNew we can't emit)
                  (drop
                   (unreachable)
                  )
                  (drop
                   (unreachable)
                  )
                  (drop
                   (f32.const 0)
                  )
                  (unreachable)
                 )
                )
               )
              )
              (drop
               (if (result (ref $1))
                (block
                 (call $10
                  (unreachable)
                 )
                 (drop
                  (block (result i32)
                   (drop
                    (local.set $9
                     (ref.as_non_null
                      (local.set $11
                       (unreachable)
                      )
                     )
                    )
                   )
                   (i32.const 0)
                  )
                 )
                )
                (then
                 (nop)
                 (return)
                )
                (else
                 (local.get $9)
                )
               )
              )
              (i32.const 0)
             )
            )
            (drop
             (unreachable)
            )
            (unreachable)
           )
          )
          (i32.const 0)
         )
        )
       )
       (array.len
        (local.tee $6
         (array.new_default $4
          (i32.const 13)
         )
        )
       )
      )
      (then
       (drop
        (i32.add
         (local.tee $31
          (i32.const 0)
         )
         (local.tee $32
          (local.get $30)
         )
        )
       )
       (block
        (return)
       )
       (local.set $7
        (unreachable)
       )
      )
     )
     (br_if $block
      (block (result i32)
       (drop
        (if (result (ref null $12))
         (i31.get_u
          (ref.i31
           (i32.const -1)
          )
         )
         (then
          (if
           (i32.gt_u
            (block
             (drop
              (local.tee $15
               (ref.null none)
              )
             )
             (unreachable)
            )
            (local.set $33
             (select
              (ref.eq
               (unreachable)
               (unreachable)
              )
              (block ;; (replaces unreachable StructGet we can't emit)
               (drop
                (try
                 (do
                  (unreachable)
                 )
                 (catch_all
                  (ref.as_non_null
                   (local.set $2
                    (unreachable)
                   )
                  )
                 )
                )
               )
               (unreachable)
              )
              (i31.get_u
               (ref.i31
                (i32.const 1)
               )
              )
             )
            )
           )
           (then
            (drop
             (local.get $15)
            )
            (drop
             (local.get $33)
            )
            (drop
             (struct.new_default_desc $11
              (struct.new_default $13)
             )
            )
            (unreachable)
           )
          )
          (return)
         )
         (else
          (block $block1 (result (ref null $12))
           (block
            (try_table (catch $tag$0 $block1) (catch $tag$0 $block1)
             (try
              (do
               (nop)
              )
              (catch $tag$0
               (local.set $1
                (call $__popsink_0
                 (pop (ref null $12))
                )
               )
               (call $fimport$8
                (local.tee $12
                 (string.const "\f0\90\8d\88")
                )
               )
              )
              (catch_all
               (nop)
              )
             )
            )
            (return)
           )
           (unreachable)
          )
         )
        )
       )
       (i32.const 0)
      )
      (i32.load align=1
       (i64.const 2)
      )
     )
    )
   )
   (else
    (local.tee $26
     (string.eq
      (string.const "")
      (block (result (ref string))
       (call $fimport$6
        (array.new_fixed $20 0)
       )
       (try_table (result (ref string))
        (string.const "\e2\82\ac852969")
       )
      )
     )
    )
   )
  )
 )
)
catch's body (tag$0)'s pop's location is not validFatal: error after opts
