[fuzz-exec] export global$
[LoggingExternalInterface logging function]
[fuzz-exec] export global$_1
[LoggingExternalInterface logging object(null)]
[fuzz-exec] export global$_2
[LoggingExternalInterface logging object(null)]
[fuzz-exec] export global$_5
[LoggingExternalInterface logging 0]
[fuzz-exec] export global$_10
[LoggingExternalInterface logging 1 -2147483648]
[fuzz-exec] export ref_func_target_invoker
[fuzz-exec] export func_invoker
[fuzz-exec] export func_15_invoker
exception thrown: RuntimeError: dereferencing a null pointer
[fuzz-exec] export func_17_invoker
[fuzz-exec] export func_19_invoker
[fuzz-exec] export func_21_invoker
[LoggingExternalInterface logging 0]
[LoggingExternalInterface logging 0]
[fuzz-exec] export func_23_invoker
exception thrown: RuntimeError: unreachable
[fuzz-exec] export func_26_invoker
exception thrown: [object WebAssembly.Exception]
[fuzz-exec] export func_30_invoker
exception thrown: RuntimeError: operation does not support unaligned accesses
[fuzz-exec] export func_32_invoker
[fuzz-exec] export func_34_invoker
[fuzz-exec] export func_36_invoker
[LoggingExternalInterface logging 1.7976931348623157e+308]
[LoggingExternalInterface logging 1.7976931348623157e+308]
[LoggingExternalInterface logging 1.7976931348623157e+308]
[fuzz-exec] export func_38
exception thrown: RuntimeError: unreachable
[fuzz-exec] export func_38_invoker
exception thrown: RuntimeError: unreachable
[fuzz-exec] export func_41
[fuzz-exec] note result: func_41 => null
[fuzz-exec] export func_43
exception thrown: RuntimeError: dereferencing a null pointer
[fuzz-exec] export func_43_invoker
exception thrown: RuntimeError: dereferencing a null pointer
[fuzz-exec] export func_46_invoker
[fuzz-exec] export func_48
[fuzz-exec] note result: func_48 => object(null)
[fuzz-exec] export func_49
[fuzz-exec] note result: func_49 => object(null)
[fuzz-exec] export func_52
[fuzz-exec] note result: func_52 => object(null)
[fuzz-exec] export func_52_invoker
[fuzz-exec] export func_55
[fuzz-exec] note result: func_55 => object(null)
[fuzz-exec] export func_55_invoker
exception thrown: RangeError: WebAssembly.Table.get(): invalid address 4294967206 in funcref table of size 15
[fuzz-exec] export func_57
[LoggingExternalInterface logging function]
[fuzz-exec] note result: func_57 => 0
[fuzz-exec] export func_57_invoker
[LoggingExternalInterface logging function]
[fuzz-exec] export func_59_invoker
[fuzz-exec] export func_61_invoker
exception thrown: RuntimeError: memory access out of bounds
[fuzz-exec] export func_63_invoker
[fuzz-exec] export func_65
[fuzz-exec] note result: func_65 => 0
[fuzz-exec] export func_67_invoker
exception thrown: RuntimeError: unreachable
[fuzz-exec] export func_69_invoker
exception thrown: RuntimeError: requested new array is too large
