[fuzz-exec] export func
[LoggingExternalInterface logging 9223372036854775808]
[fuzz-exec] note result: func => object(null)
[fuzz-exec] export func_invoker
[LoggingExternalInterface logging 9223372036854775808]
[fuzz-exec] export func_11
[LoggingExternalInterface logging 242]
[trap null ref]
[fuzz-exec] export func_12
[LoggingExternalInterface logging object(null)]
[trap null ref]
[fuzz-exec] export func_13
[LoggingExternalInterface logging externref(105)]
[LoggingExternalInterface logging externref(105)]
[LoggingExternalInterface logging externref(105)]
[LoggingExternalInterface logging externref(105)]
[LoggingExternalInterface logging externref(105)]
[LoggingExternalInterface logging externref(105)]
[LoggingExternalInterface logging externref(105)]
[LoggingExternalInterface logging externref(105)]
[LoggingExternalInterface logging externref(105)]
[LoggingExternalInterface logging externref(105)]
[LoggingExternalInterface logging externref(105)]
[LoggingExternalInterface logging externref(105)]
[LoggingExternalInterface logging externref(105)]
[LoggingExternalInterface logging externref(105)]
[LoggingExternalInterface logging externref(105)]
[LoggingExternalInterface logging externref(105)]
[LoggingExternalInterface logging externref(105)]
[LoggingExternalInterface logging externref(105)]
[LoggingExternalInterface logging externref(105)]
[LoggingExternalInterface logging externref(105)]
[LoggingExternalInterface logging externref(105)]
[LoggingExternalInterface logging externref(105)]
[LoggingExternalInterface logging externref(105)]
[LoggingExternalInterface logging externref(105)]
[LoggingExternalInterface logging externref(105)]
[LoggingExternalInterface logging externref(105)]
[LoggingExternalInterface logging externref(105)]
[LoggingExternalInterface logging externref(105)]
[LoggingExternalInterface logging externref(105)]
[LoggingExternalInterface logging externref(105)]
[LoggingExternalInterface logging externref(105)]
[LoggingExternalInterface logging externref(105)]
[LoggingExternalInterface logging externref(105)]
[LoggingExternalInterface logging externref(105)]
[LoggingExternalInterface logging externref(105)]
[LoggingExternalInterface logging externref(105)]
[LoggingExternalInterface logging externref(105)]
[LoggingExternalInterface logging externref(105)]
[LoggingExternalInterface logging externref(105)]
[LoggingExternalInterface logging externref(105)]
[LoggingExternalInterface logging externref(105)]
[LoggingExternalInterface logging externref(105)]
[LoggingExternalInterface logging externref(105)]
[LoggingExternalInterface logging externref(105)]
[LoggingExternalInterface logging externref(105)]
[LoggingExternalInterface logging externref(105)]
[LoggingExternalInterface logging externref(105)]
[LoggingExternalInterface logging externref(105)]
[LoggingExternalInterface logging externref(105)]
[LoggingExternalInterface logging externref(105)]
[LoggingExternalInterface logging externref(105)]
[LoggingExternalInterface logging externref(105)]
[LoggingExternalInterface logging externref(105)]
[LoggingExternalInterface logging externref(105)]
[LoggingExternalInterface logging externref(105)]
[LoggingExternalInterface logging externref(105)]
[LoggingExternalInterface logging externref(105)]
[LoggingExternalInterface logging externref(105)]
[LoggingExternalInterface logging externref(105)]
[LoggingExternalInterface logging externref(105)]
[LoggingExternalInterface logging externref(105)]
[LoggingExternalInterface logging externref(105)]
[LoggingExternalInterface logging externref(105)]
[LoggingExternalInterface logging externref(105)]
[LoggingExternalInterface logging externref(105)]
[LoggingExternalInterface logging externref(105)]
[LoggingExternalInterface logging externref(105)]
[LoggingExternalInterface logging externref(105)]
[LoggingExternalInterface logging externref(105)]
[LoggingExternalInterface logging externref(105)]
[LoggingExternalInterface logging externref(105)]
[LoggingExternalInterface logging externref(105)]
[LoggingExternalInterface logging externref(105)]
[LoggingExternalInterface logging externref(105)]
[LoggingExternalInterface logging externref(105)]
[LoggingExternalInterface logging externref(105)]
[LoggingExternalInterface logging externref(105)]
[LoggingExternalInterface logging externref(105)]
[LoggingExternalInterface logging externref(105)]
[LoggingExternalInterface logging externref(105)]
[LoggingExternalInterface logging externref(105)]
[LoggingExternalInterface logging externref(105)]
[LoggingExternalInterface logging externref(105)]
[LoggingExternalInterface logging externref(105)]
[LoggingExternalInterface logging externref(105)]
[LoggingExternalInterface logging externref(105)]
[LoggingExternalInterface logging externref(105)]
[LoggingExternalInterface logging externref(105)]
[LoggingExternalInterface logging externref(105)]
[LoggingExternalInterface logging externref(105)]
[LoggingExternalInterface logging externref(105)]
[LoggingExternalInterface logging externref(105)]
[LoggingExternalInterface logging externref(105)]
[LoggingExternalInterface logging externref(105)]
[LoggingExternalInterface logging externref(105)]
[trap unreachable]
[fuzz-exec] export func_13_invoker
[LoggingExternalInterface logging externref(105)]
[LoggingExternalInterface logging externref(105)]
[LoggingExternalInterface logging externref(105)]
[LoggingExternalInterface logging externref(105)]
[LoggingExternalInterface logging externref(105)]
[LoggingExternalInterface logging externref(105)]
[LoggingExternalInterface logging externref(105)]
[LoggingExternalInterface logging externref(105)]
[LoggingExternalInterface logging externref(105)]
[LoggingExternalInterface logging externref(105)]
[LoggingExternalInterface logging externref(105)]
[LoggingExternalInterface logging externref(105)]
[LoggingExternalInterface logging externref(105)]
[LoggingExternalInterface logging externref(105)]
[LoggingExternalInterface logging externref(105)]
[LoggingExternalInterface logging externref(105)]
[LoggingExternalInterface logging externref(105)]
[LoggingExternalInterface logging externref(105)]
[LoggingExternalInterface logging externref(105)]
[LoggingExternalInterface logging externref(105)]
[LoggingExternalInterface logging externref(105)]
[LoggingExternalInterface logging externref(105)]
[LoggingExternalInterface logging externref(105)]
[LoggingExternalInterface logging externref(105)]
[LoggingExternalInterface logging externref(105)]
[LoggingExternalInterface logging externref(105)]
[LoggingExternalInterface logging externref(105)]
[LoggingExternalInterface logging externref(105)]
[LoggingExternalInterface logging externref(105)]
[LoggingExternalInterface logging externref(105)]
[LoggingExternalInterface logging externref(105)]
[LoggingExternalInterface logging externref(105)]
[LoggingExternalInterface logging externref(105)]
[LoggingExternalInterface logging externref(105)]
[LoggingExternalInterface logging externref(105)]
[LoggingExternalInterface logging externref(105)]
[LoggingExternalInterface logging externref(105)]
[LoggingExternalInterface logging externref(105)]
[LoggingExternalInterface logging externref(105)]
[LoggingExternalInterface logging externref(105)]
[LoggingExternalInterface logging externref(105)]
[LoggingExternalInterface logging externref(105)]
[LoggingExternalInterface logging externref(105)]
[LoggingExternalInterface logging externref(105)]
[LoggingExternalInterface logging externref(105)]
[LoggingExternalInterface logging externref(105)]
[LoggingExternalInterface logging externref(105)]
[LoggingExternalInterface logging externref(105)]
[LoggingExternalInterface logging externref(105)]
[LoggingExternalInterface logging externref(105)]
[LoggingExternalInterface logging externref(105)]
[LoggingExternalInterface logging externref(105)]
[LoggingExternalInterface logging externref(105)]
[LoggingExternalInterface logging externref(105)]
[LoggingExternalInterface logging externref(105)]
[LoggingExternalInterface logging externref(105)]
[LoggingExternalInterface logging externref(105)]
[LoggingExternalInterface logging externref(105)]
[LoggingExternalInterface logging externref(105)]
[LoggingExternalInterface logging externref(105)]
[LoggingExternalInterface logging externref(105)]
[LoggingExternalInterface logging externref(105)]
[LoggingExternalInterface logging externref(105)]
[LoggingExternalInterface logging externref(105)]
[LoggingExternalInterface logging externref(105)]
[LoggingExternalInterface logging externref(105)]
[LoggingExternalInterface logging externref(105)]
[LoggingExternalInterface logging externref(105)]
[LoggingExternalInterface logging externref(105)]
[LoggingExternalInterface logging externref(105)]
[LoggingExternalInterface logging externref(105)]
[LoggingExternalInterface logging externref(105)]
[LoggingExternalInterface logging externref(105)]
[LoggingExternalInterface logging externref(105)]
[LoggingExternalInterface logging externref(105)]
[LoggingExternalInterface logging externref(105)]
[LoggingExternalInterface logging externref(105)]
[LoggingExternalInterface logging externref(105)]
[LoggingExternalInterface logging externref(105)]
[LoggingExternalInterface logging externref(105)]
[LoggingExternalInterface logging externref(105)]
[LoggingExternalInterface logging externref(105)]
[LoggingExternalInterface logging externref(105)]
[LoggingExternalInterface logging externref(105)]
[LoggingExternalInterface logging externref(105)]
[LoggingExternalInterface logging externref(105)]
[LoggingExternalInterface logging externref(105)]
[LoggingExternalInterface logging externref(105)]
[LoggingExternalInterface logging externref(105)]
[LoggingExternalInterface logging externref(105)]
[LoggingExternalInterface logging externref(105)]
[LoggingExternalInterface logging externref(105)]
[LoggingExternalInterface logging externref(105)]
[LoggingExternalInterface logging externref(105)]
[LoggingExternalInterface logging externref(105)]
[LoggingExternalInterface logging externref(105)]
[LoggingExternalInterface logging externref(105)]
[LoggingExternalInterface logging externref(105)]
[LoggingExternalInterface logging externref(105)]
[trap unreachable]
[fuzz-exec] export func_16
[fuzz-exec] note result: func_16 => string("")
[fuzz-exec] export func_17
[LoggingExternalInterface logging 127]
[fuzz-exec] note result: func_17 => null
[fuzz-exec] export func_18
[fuzz-exec] note result: func_18 => i32x4 0x0000fff0 0x00000000 0x0000ffea 0x00000000
[fuzz-exec] export func_18_invoker
[fuzz-exec] export func_20
[trap null ref]
[fuzz-exec] export func_20_invoker
[trap null ref]
[fuzz-exec] export func_25_invoker
[wasm-validator error in function 2] unexpected false: , on 
(try (result (ref i31))
 (do
  (local.tee $27
   (ref.i31
    (i32.const -2147483648)
   )
  )
 )
 (catch $tag$0
  (drop
   (block (result nullref)
    (drop
     (ref.as_non_null
      (pop (ref null $2))
     )
    )
    (ref.null none)
   )
  )
  (ref.i31
   (i32.const -33554432)
  )
 )
 (catch_all
  (ref.i31
   (i32.const -128)
  )
 )
)
catch's body (tag$0)'s pop's location is not validFatal: error after opts
