[wasm-validator error in function 29] local.set's value type must be correct, on 
(local.set $11
 (block (result externref)
  (local.set $17
   (tuple.extract 6 1
    (local.get $13)
   )
  )
  (local.set $6
   (block (result i32)
    (local.set $16
     (tuple.extract 6 2
      (local.get $13)
     )
    )
    (local.set $12
     (block (result exnref)
      (local.set $15
       (tuple.extract 6 3
        (local.get $13)
       )
      )
      (local.set $9
       (block (result f64)
        (local.set $14
         (tuple.extract 6 4
          (local.get $13)
         )
        )
        (local.set $7
         (tuple.extract 6 5
          (local.get $13)
         )
        )
        (local.get $14)
       )
      )
      (local.get $15)
     )
    )
    (local.get $16)
   )
  )
  (local.get $17)
 )
)
Fatal: error validating input
