tion]
[LoggingExternalInterface logging i32x4 0x00dc8f00 0x0100aa00 0xe1fffffe 0x00ff04ec]
[LoggingExternalInterface logging function]
[LoggingExternalInterface logging i32x4 0x00dc8f00 0x0100aa00 0xe1fffffe 0x00ff04ec]
[LoggingExternalInterface logging function]
[LoggingExternalInterface logging i32x4 0x00dc8f00 0x0100aa00 0xe1fffffe 0x00ff04ec]
[LoggingExternalInterface logging function]
[LoggingExternalInterface logging i32x4 0x00dc8f00 0x0100aa00 0xe1fffffe 0x00ff04ec]
[LoggingExternalInterface logging function]
[LoggingExternalInterface logging i32x4 0x00dc8f00 0x0100aa00 0xe1fffffe 0x00ff04ec]
[LoggingExternalInterface logging function]
[LoggingExternalInterface logging i32x4 0x00dc8f00 0x0100aa00 0xe1fffffe 0x00ff04ec]
[LoggingExternalInterface logging function]
[LoggingExternalInterface logging i32x4 0x00dc8f00 0x0100aa00 0xe1fffffe 0x00ff04ec]
[LoggingExternalInterface logging function]
[LoggingExternalInterface logging i32x4 0x00dc8f00 0x0100aa00 0xe1fffffe 0x00ff04ec]
[LoggingExternalInterface logging function]
[LoggingExternalInterface logging i32x4 0x00dc8f00 0x0100aa00 0xe1fffffe 0x00ff04ec]
[LoggingExternalInterface logging function]
[LoggingExternalInterface logging i32x4 0x00dc8f00 0x0100aa00 0xe1fffffe 0x00ff04ec]
[LoggingExternalInterface logging function]
[LoggingExternalInterface logging i32x4 0x00dc8f00 0x0100aa00 0xe1fffffe 0x00ff04ec]
[LoggingExternalInterface logging function]
[LoggingExternalInterface logging i32x4 0x00dc8f00 0x0100aa00 0xe1fffffe 0x00ff04ec]
[LoggingExternalInterface logging function]
[LoggingExternalInterface logging i32x4 0x00dc8f00 0x0100aa00 0xe1fffffe 0x00ff04ec]
[LoggingExternalInterface logging function]
[LoggingExternalInterface logging i32x4 0x00dc8f00 0x0100aa00 0xe1fffffe 0x00ff04ec]
[LoggingExternalInterface logging function]
[LoggingExternalInterface logging i32x4 0x00dc8f00 0x0100aa00 0xe1fffffe 0x00ff04ec]
[LoggingExternalInterface logging function]
[LoggingExternalInterface logging i32x4 0x00dc8f00 0x0100aa00 0xe1fffffe 0x00ff04ec]
[LoggingExternalInterface logging function]
[LoggingExternalInterface logging i32x4 0x00dc8f00 0x0100aa00 0xe1fffffe 0x00ff04ec]
[LoggingExternalInterface logging function]
[LoggingExternalInterface logging i32x4 0x00dc8f00 0x0100aa00 0xe1fffffe 0x00ff04ec]
[LoggingExternalInterface logging function]
[LoggingExternalInterface logging i32x4 0x00dc8f00 0x0100aa00 0xe1fffffe 0x00ff04ec]
[LoggingExternalInterface logging function]
[LoggingExternalInterface logging i32x4 0x00dc8f00 0x0100aa00 0xe1fffffe 0x00ff04ec]
[LoggingExternalInterface logging function]
[LoggingExternalInterface logging i32x4 0x00dc8f00 0x0100aa00 0xe1fffffe 0x00ff04ec]
[LoggingExternalInterface logging function]
[LoggingExternalInterface logging i32x4 0x00dc8f00 0x0100aa00 0xe1fffffe 0x00ff04ec]
[LoggingExternalInterface logging function]
[LoggingExternalInterface logging i32x4 0x00dc8f00 0x0100aa00 0xe1fffffe 0x00ff04ec]
[LoggingExternalInterface logging function]
[LoggingExternalInterface logging i32x4 0x00dc8f00 0x0100aa00 0xe1fffffe 0x00ff04ec]
[LoggingExternalInterface logging function]
[LoggingExternalInterface logging i32x4 0x00dc8f00 0x0100aa00 0xe1fffffe 0x00ff04ec]
[LoggingExternalInterface logging function]
[LoggingExternalInterface logging i32x4 0x00dc8f00 0x0100aa00 0xe1fffffe 0x00ff04ec]
[LoggingExternalInterface logging function]
[LoggingExternalInterface logging i32x4 0x00dc8f00 0x0100aa00 0xe1fffffe 0x00ff04ec]
[LoggingExternalInterface logging function]
[LoggingExternalInterface logging i32x4 0x00dc8f00 0x0100aa00 0xe1fffffe 0x00ff04ec]
[LoggingExternalInterface logging function]
[LoggingExternalInterface logging i32x4 0x00dc8f00 0x0100aa00 0xe1fffffe 0x00ff04ec]
[LoggingExternalInterface logging function]
[LoggingExternalInterface logging i32x4 0x00dc8f00 0x0100aa00 0xe1fffffe 0x00ff04ec]
[LoggingExternalInterface logging function]
[LoggingExternalInterface logging i32x4 0x00dc8f00 0x0100aa00 0xe1fffffe 0x00ff04ec]
[LoggingExternalInterface logging function]
[LoggingExternalInterface logging i32x4 0x00dc8f00 0x0100aa00 0xe1fffffe 0x00ff04ec]
[LoggingExternalInterface logging function]
[LoggingExternalInterface logging i32x4 0x00dc8f00 0x0100aa00 0xe1fffffe 0x00ff04ec]
[LoggingExternalInterface logging function]
[LoggingExternalInterface logging i32x4 0x00dc8f00 0x0100aa00 0xe1fffffe 0x00ff04ec]
[LoggingExternalInterface logging function]
[LoggingExternalInterface logging i32x4 0x00dc8f00 0x0100aa00 0xe1fffffe 0x00ff04ec]
[LoggingExternalInterface logging function]
[LoggingExternalInterface logging i32x4 0x00dc8f00 0x0100aa00 0xe1fffffe 0x00ff04ec]
[LoggingExternalInterface logging function]
[LoggingExternalInterface logging i32x4 0x00dc8f00 0x0100aa00 0xe1fffffe 0x00ff04ec]
[LoggingExternalInterface logging function]
[LoggingExternalInterface logging i32x4 0x00dc8f00 0x0100aa00 0xe1fffffe 0x00ff04ec]
[LoggingExternalInterface logging function]
[LoggingExternalInterface logging i32x4 0x00dc8f00 0x0100aa00 0xe1fffffe 0x00ff04ec]
[LoggingExternalInterface logging function]
[LoggingExternalInterface logging i32x4 0x00dc8f00 0x0100aa00 0xe1fffffe 0x00ff04ec]
[LoggingExternalInterface logging function]
[LoggingExternalInterface logging i32x4 0x00dc8f00 0x0100aa00 0xe1fffffe 0x00ff04ec]
[LoggingExternalInterface logging function]
[LoggingExternalInterface logging i32x4 0x00dc8f00 0x0100aa00 0xe1fffffe 0x00ff04ec]
[LoggingExternalInterface logging function]
[LoggingExternalInterface logging i32x4 0x00dc8f00 0x0100aa00 0xe1fffffe 0x00ff04ec]
[LoggingExternalInterface logging function]
[LoggingExternalInterface logging i32x4 0x00dc8f00 0x0100aa00 0xe1fffffe 0x00ff04ec]
[LoggingExternalInterface logging function]
[LoggingExternalInterface logging i32x4 0x00dc8f00 0x0100aa00 0xe1fffffe 0x00ff04ec]
[LoggingExternalInterface logging function]
[LoggingExternalInterface logging i32x4 0x00dc8f00 0x0100aa00 0xe1fffffe 0x00ff04ec]
[LoggingExternalInterface logging function]
[LoggingExternalInterface logging i32x4 0x00dc8f00 0x0100aa00 0xe1fffffe 0x00ff04ec]
[LoggingExternalInterface logging function]
[LoggingExternalInterface logging i32x4 0x00dc8f00 0x0100aa00 0xe1fffffe 0x00ff04ec]
[LoggingExternalInterface logging function]
[LoggingExternalInterface logging i32x4 0x00dc8f00 0x0100aa00 0xe1fffffe 0x00ff04ec]
[LoggingExternalInterface logging function]
[LoggingExternalInterface logging i32x4 0x00dc8f00 0x0100aa00 0xe1fffffe 0x00ff04ec]
[LoggingExternalInterface logging function]
[LoggingExternalInterface logging i32x4 0x00dc8f00 0x0100aa00 0xe1fffffe 0x00ff04ec]
[LoggingExternalInterface logging function]
[LoggingExternalInterface logging i32x4 0x00dc8f00 0x0100aa00 0xe1fffffe 0x00ff04ec]
[trap unreachable]
[fuzz-exec] export func_40_invoker
[LoggingExternalInterface logging function]
[LoggingExternalInterface logging i32x4 0x00dc8f00 0x0100aa00 0xe1fffffe 0x00ff04ec]
[LoggingExternalInterface logging function]
[LoggingExternalInterface logging i32x4 0x00dc8f00 0x0100aa00 0xe1fffffe 0x00ff04ec]
[LoggingExternalInterface logging function]
[LoggingExternalInterface logging i32x4 0x00dc8f00 0x0100aa00 0xe1fffffe 0x00ff04ec]
[LoggingExternalInterface logging function]
[LoggingExternalInterface logging i32x4 0x00dc8f00 0x0100aa00 0xe1fffffe 0x00ff04ec]
[LoggingExternalInterface logging function]
[LoggingExternalInterface logging i32x4 0x00dc8f00 0x0100aa00 0xe1fffffe 0x00ff04ec]
[LoggingExternalInterface logging function]
[LoggingExternalInterface logging i32x4 0x00dc8f00 0x0100aa00 0xe1fffffe 0x00ff04ec]
[LoggingExternalInterface logging function]
[LoggingExternalInterface logging i32x4 0x00dc8f00 0x0100aa00 0xe1fffffe 0x00ff04ec]
[LoggingExternalInterface logging function]
[LoggingExternalInterface logging i32x4 0x00dc8f00 0x0100aa00 0xe1fffffe 0x00ff04ec]
[LoggingExternalInterface logging function]
[LoggingExternalInterface logging i32x4 0x00dc8f00 0x0100aa00 0xe1fffffe 0x00ff04ec]
[LoggingExternalInterface logging function]
[LoggingExternalInterface logging i32x4 0x00dc8f00 0x0100aa00 0xe1fffffe 0x00ff04ec]
[LoggingExternalInterface logging function]
[LoggingExternalInterface logging i32x4 0x00dc8f00 0x0100aa00 0xe1fffffe 0x00ff04ec]
[LoggingExternalInterface logging function]
[LoggingExternalInterface logging i32x4 0x00dc8f00 0x0100aa00 0xe1fffffe 0x00ff04ec]
[LoggingExternalInterface logging function]
[LoggingExternalInterface logging i32x4 0x00dc8f00 0x0100aa00 0xe1fffffe 0x00ff04ec]
[LoggingExternalInterface logging function]
[LoggingExternalInterface logging i32x4 0x00dc8f00 0x0100aa00 0xe1fffffe 0x00ff04ec]
[LoggingExternalInterface logging function]
[LoggingExternalInterface logging i32x4 0x00dc8f00 0x0100aa00 0xe1fffffe 0x00ff04ec]
[LoggingExternalInterface logging function]
[LoggingExternalInterface logging i32x4 0x00dc8f00 0x0100aa00 0xe1fffffe 0x00ff04ec]
[LoggingExternalInterface logging function]
[LoggingExternalInterface logging i32x4 0x00dc8f00 0x0100aa00 0xe1fffffe 0x00ff04ec]
[LoggingExternalInterface logging function]
[LoggingExternalInterface logging i32x4 0x00dc8f00 0x0100aa00 0xe1fffffe 0x00ff04ec]
[LoggingExternalInterface logging function]
[LoggingExternalInterface logging i32x4 0x00dc8f00 0x0100aa00 0xe1fffffe 0x00ff04ec]
[LoggingExternalInterface logging function]
[LoggingExternalInterface logging i32x4 0x00dc8f00 0x0100aa00 0xe1fffffe 0x00ff04ec]
[LoggingExternalInterface logging function]
[LoggingExternalInterface logging i32x4 0x00dc8f00 0x0100aa00 0xe1fffffe 0x00ff04ec]
[LoggingExternalInterface logging function]
[LoggingExternalInterface logging i32x4 0x00dc8f00 0x0100aa00 0xe1fffffe 0x00ff04ec]
[LoggingExternalInterface logging function]
[LoggingExternalInterface logging i32x4 0x00dc8f00 0x0100aa00 0xe1fffffe 0x00ff04ec]
[LoggingExternalInterface logging function]
[LoggingExternalInterface logging i32x4 0x00dc8f00 0x0100aa00 0xe1fffffe 0x00ff04ec]
[LoggingExternalInterface logging function]
[LoggingExternalInterface logging i32x4 0x00dc8f00 0x0100aa00 0xe1fffffe 0x00ff04ec]
[LoggingExternalInterface logging function]
[LoggingExternalInterface logging i32x4 0x00dc8f00 0x0100aa00 0xe1fffffe 0x00ff04ec]
[LoggingExternalInterface logging function]
[LoggingExternalInterface logging i32x4 0x00dc8f00 0x0100aa00 0xe1fffffe 0x00ff04ec]
[LoggingExternalInterface logging function]
[LoggingExternalInterface logging i32x4 0x00dc8f00 0x0100aa00 0xe1fffffe 0x00ff04ec]
[LoggingExternalInterface logging function]
[LoggingExternalInterface logging i32x4 0x00dc8f00 0x0100aa00 0xe1fffffe 0x00ff04ec]
[LoggingExternalInterface logging function]
[LoggingExternalInterface logging i32x4 0x00dc8f00 0x0100aa00 0xe1fffffe 0x00ff04ec]
[LoggingExternalInterface logging function]
[LoggingExternalInterface logging i32x4 0x00dc8f00 0x0100aa00 0xe1fffffe 0x00ff04ec]
[LoggingExternalInterface logging function]
[LoggingExternalInterface logging i32x4 0x00dc8f00 0x0100aa00 0xe1fffffe 0x00ff04ec]
[LoggingExternalInterface logging function]
[LoggingExternalInterface logging i32x4 0x00dc8f00 0x0100aa00 0xe1fffffe 0x00ff04ec]
[LoggingExternalInterface logging function]
[LoggingExternalInterface logging i32x4 0x00dc8f00 0x0100aa00 0xe1fffffe 0x00ff04ec]
[LoggingExternalInterface logging function]
[LoggingExternalInterface logging i32x4 0x00dc8f00 0x0100aa00 0xe1fffffe 0x00ff04ec]
[LoggingExternalInterface logging function]
[LoggingExternalInterface logging i32x4 0x00dc8f00 0x0100aa00 0xe1fffffe 0x00ff04ec]
[LoggingExternalInterface logging function]
[LoggingExternalInterface logging i32x4 0x00dc8f00 0x0100aa00 0xe1fffffe 0x00ff04ec]
[LoggingExternalInterface logging function]
[LoggingExternalInterface logging i32x4 0x00dc8f00 0x0100aa00 0xe1fffffe 0x00ff04ec]
[LoggingExternalInterface logging function]
[LoggingExternalInterface logging i32x4 0x00dc8f00 0x0100aa00 0xe1fffffe 0x00ff04ec]
[LoggingExternalInterface logging function]
[LoggingExternalInterface logging i32x4 0x00dc8f00 0x0100aa00 0xe1fffffe 0x00ff04ec]
[LoggingExternalInterface logging function]
[LoggingExternalInterface logging i32x4 0x00dc8f00 0x0100aa00 0xe1fffffe 0x00ff04ec]
[LoggingExternalInterface logging function]
[LoggingExternalInterface logging i32x4 0x00dc8f00 0x0100aa00 0xe1fffffe 0x00ff04ec]
[LoggingExternalInterface logging function]
[LoggingExternalInterface logging i32x4 0x00dc8f00 0x0100aa00 0xe1fffffe 0x00ff04ec]
[LoggingExternalInterface logging function]
[LoggingExternalInterface logging i32x4 0x00dc8f00 0x0100aa00 0xe1fffffe 0x00ff04ec]
[LoggingExternalInterface logging function]
[LoggingExternalInterface logging i32x4 0x00dc8f00 0x0100aa00 0xe1fffffe 0x00ff04ec]
[LoggingExternalInterface logging function]
[LoggingExternalInterface logging i32x4 0x00dc8f00 0x0100aa00 0xe1fffffe 0x00ff04ec]
[LoggingExternalInterface logging function]
[LoggingExternalInterface logging i32x4 0x00dc8f00 0x0100aa00 0xe1fffffe 0x00ff04ec]
[LoggingExternalInterface logging function]
[LoggingExternalInterface logging i32x4 0x00dc8f00 0x0100aa00 0xe1fffffe 0x00ff04ec]
[LoggingExternalInterface logging function]
[LoggingExternalInterface logging i32x4 0x00dc8f00 0x0100aa00 0xe1fffffe 0x00ff04ec]
[LoggingExternalInterface logging function]
[LoggingExternalInterface logging i32x4 0x00dc8f00 0x0100aa00 0xe1fffffe 0x00ff04ec]
[LoggingExternalInterface logging function]
[LoggingExternalInterface logging i32x4 0x00dc8f00 0x0100aa00 0xe1fffffe 0x00ff04ec]
[LoggingExternalInterface logging function]
[LoggingExternalInterface logging i32x4 0x00dc8f00 0x0100aa00 0xe1fffffe 0x00ff04ec]
[LoggingExternalInterface logging function]
[LoggingExternalInterface logging i32x4 0x00dc8f00 0x0100aa00 0xe1fffffe 0x00ff04ec]
[LoggingExternalInterface logging function]
[LoggingExternalInterface logging i32x4 0x00dc8f00 0x0100aa00 0xe1fffffe 0x00ff04ec]
[LoggingExternalInterface logging function]
[LoggingExternalInterface logging i32x4 0x00dc8f00 0x0100aa00 0xe1fffffe 0x00ff04ec]
[LoggingExternalInterface logging function]
[LoggingExternalInterface logging i32x4 0x00dc8f00 0x0100aa00 0xe1fffffe 0x00ff04ec]
[LoggingExternalInterface logging function]
[LoggingExternalInterface logging i32x4 0x00dc8f00 0x0100aa00 0xe1fffffe 0x00ff04ec]
[LoggingExternalInterface logging function]
[LoggingExternalInterface logging i32x4 0x00dc8f00 0x0100aa00 0xe1fffffe 0x00ff04ec]
[LoggingExternalInterface logging function]
[LoggingExternalInterface logging i32x4 0x00dc8f00 0x0100aa00 0xe1fffffe 0x00ff04ec]
[LoggingExternalInterface logging function]
[LoggingExternalInterface logging i32x4 0x00dc8f00 0x0100aa00 0xe1fffffe 0x00ff04ec]
[LoggingExternalInterface logging function]
[LoggingExternalInterface logging i32x4 0x00dc8f00 0x0100aa00 0xe1fffffe 0x00ff04ec]
[LoggingExternalInterface logging function]
[LoggingExternalInterface logging i32x4 0x00dc8f00 0x0100aa00 0xe1fffffe 0x00ff04ec]
[LoggingExternalInterface logging function]
[LoggingExternalInterface logging i32x4 0x00dc8f00 0x0100aa00 0xe1fffffe 0x00ff04ec]
[LoggingExternalInterface logging function]
[LoggingExternalInterface logging i32x4 0x00dc8f00 0x0100aa00 0xe1fffffe 0x00ff04ec]
[LoggingExternalInterface logging function]
[LoggingExternalInterface logging i32x4 0x00dc8f00 0x0100aa00 0xe1fffffe 0x00ff04ec]
[LoggingExternalInterface logging function]
[LoggingExternalInterface logging i32x4 0x00dc8f00 0x0100aa00 0xe1fffffe 0x00ff04ec]
[LoggingExternalInterface logging function]
[LoggingExternalInterface logging i32x4 0x00dc8f00 0x0100aa00 0xe1fffffe 0x00ff04ec]
[LoggingExternalInterface logging function]
[LoggingExternalInterface logging i32x4 0x00dc8f00 0x0100aa00 0xe1fffffe 0x00ff04ec]
[LoggingExternalInterface logging function]
[LoggingExternalInterface logging i32x4 0x00dc8f00 0x0100aa00 0xe1fffffe 0x00ff04ec]
[LoggingExternalInterface logging function]
[LoggingExternalInterface logging i32x4 0x00dc8f00 0x0100aa00 0xe1fffffe 0x00ff04ec]
[LoggingExternalInterface logging function]
[LoggingExternalInterface logging i32x4 0x00dc8f00 0x0100aa00 0xe1fffffe 0x00ff04ec]
[LoggingExternalInterface logging function]
[LoggingExternalInterface logging i32x4 0x00dc8f00 0x0100aa00 0xe1fffffe 0x00ff04ec]
[LoggingExternalInterface logging function]
[LoggingExternalInterface logging i32x4 0x00dc8f00 0x0100aa00 0xe1fffffe 0x00ff04ec]
[LoggingExternalInterface logging function]
[LoggingExternalInterface logging i32x4 0x00dc8f00 0x0100aa00 0xe1fffffe 0x00ff04ec]
[LoggingExternalInterface logging function]
[LoggingExternalInterface logging i32x4 0x00dc8f00 0x0100aa00 0xe1fffffe 0x00ff04ec]
[LoggingExternalInterface logging function]
[LoggingExternalInterface logging i32x4 0x00dc8f00 0x0100aa00 0xe1fffffe 0x00ff04ec]
[LoggingExternalInterface logging function]
[LoggingExternalInterface logging i32x4 0x00dc8f00 0x0100aa00 0xe1fffffe 0x00ff04ec]
[LoggingExternalInterface logging function]
[LoggingExternalInterface logging i32x4 0x00dc8f00 0x0100aa00 0xe1fffffe 0x00ff04ec]
[LoggingExternalInterface logging function]
[LoggingExternalInterface logging i32x4 0x00dc8f00 0x0100aa00 0xe1fffffe 0x00ff04ec]
[LoggingExternalInterface logging function]
[LoggingExternalInterface logging i32x4 0x00dc8f00 0x0100aa00 0xe1fffffe 0x00ff04ec]
[LoggingExternalInterface logging function]
[LoggingExternalInterface logging i32x4 0x00dc8f00 0x0100aa00 0xe1fffffe 0x00ff04ec]
[LoggingExternalInterface logging function]
[LoggingExternalInterface logging i32x4 0x00dc8f00 0x0100aa00 0xe1fffffe 0x00ff04ec]
[LoggingExternalInterface logging function]
[LoggingExternalInterface logging i32x4 0x00dc8f00 0x0100aa00 0xe1fffffe 0x00ff04ec]
[LoggingExternalInterface logging function]
[LoggingExternalInterface logging i32x4 0x00dc8f00 0x0100aa00 0xe1fffffe 0x00ff04ec]
[LoggingExternalInterface logging function]
[LoggingExternalInterface logging i32x4 0x00dc8f00 0x0100aa00 0xe1fffffe 0x00ff04ec]
[LoggingExternalInterface logging function]
[LoggingExternalInterface logging i32x4 0x00dc8f00 0x0100aa00 0xe1fffffe 0x00ff04ec]
[LoggingExternalInterface logging function]
[LoggingExternalInterface logging i32x4 0x00dc8f00 0x0100aa00 0xe1fffffe 0x00ff04ec]
[LoggingExternalInterface logging function]
[LoggingExternalInterface logging i32x4 0x00dc8f00 0x0100aa00 0xe1fffffe 0x00ff04ec]
[LoggingExternalInterface logging function]
[LoggingExternalInterface logging i32x4 0x00dc8f00 0x0100aa00 0xe1fffffe 0x00ff04ec]
[LoggingExternalInterface logging function]
[LoggingExternalInterface logging i32x4 0x00dc8f00 0x0100aa00 0xe1fffffe 0x00ff04ec]
[LoggingExternalInterface logging function]
[LoggingExternalInterface logging i32x4 0x00dc8f00 0x0100aa00 0xe1fffffe 0x00ff04ec]
[LoggingExternalInterface logging function]
[LoggingExternalInterface logging i32x4 0x00dc8f00 0x0100aa00 0xe1fffffe 0x00ff04ec]
[LoggingExternalInterface logging function]
[LoggingExternalInterface logging i32x4 0x00dc8f00 0x0100aa00 0xe1fffffe 0x00ff04ec]
[LoggingExternalInterface logging function]
[LoggingExternalInterface logging i32x4 0x00dc8f00 0x0100aa00 0xe1fffffe 0x00ff04ec]
[LoggingExternalInterface logging function]
[LoggingExternalInterface logging i32x4 0x00dc8f00 0x0100aa00 0xe1fffffe 0x00ff04ec]
[LoggingExternalInterface logging function]
[LoggingExternalInterface logging i32x4 0x00dc8f00 0x0100aa00 0xe1fffffe 0x00ff04ec]
[LoggingExternalInterface logging function]
[LoggingExternalInterface logging i32x4 0x00dc8f00 0x0100aa00 0xe1fffffe 0x00ff04ec]
[LoggingExternalInterface logging function]
[LoggingExternalInterface logging i32x4 0x00dc8f00 0x0100aa00 0xe1fffffe 0x00ff04ec]
[trap unreachable]
[fuzz-exec] export func_42_invoker
[LoggingExternalInterface logging function]
[fuzz-exec] export func_45
[fuzz-exec] note result: func_45 => function
[fuzz-exec] export func_45_invoker
[fuzz-exec] export func_47
[trap unreachable]
[fuzz-exec] export func_47_invoker
[trap unreachable]
[fuzz-exec] export func_49_invoker
[fuzz-exec] export func_53_invoker
[exception thrown: imported-wasm-tag -8191]
wasm-opt: /home/tamaron/work/binaryen/src/ir/eh-utils.cpp:122: void wasm::EHUtils::handleBlockNestedPop(wasm::Try*, wasm::Function*, wasm::Module&): Assertion `pop && "Pop has not been found in this catch"' failed.
