[fuzz-exec] export global$_3
[LoggingExternalInterface logging i32x4 0x4f800000 0xffff890e 0xd9800000 0x4f7fff9e]
[fuzz-exec] export global$_8
[LoggingExternalInterface logging object(null)]
[fuzz-exec] export global$_10
[LoggingExternalInterface logging 4294967296]
[fuzz-exec] export global$_12
[LoggingExternalInterface logging -75]
[fuzz-exec] export global$_14
[LoggingExternalInterface logging -0.769]
[fuzz-exec] export global$_16
[LoggingExternalInterface logging null]
[fuzz-exec] export global$_17
[LoggingExternalInterface logging 129]
[fuzz-exec] export global$_19
[LoggingExternalInterface logging 133]
[fuzz-exec] export global$_21
[LoggingExternalInterface logging function]
[fuzz-exec] export global$_26
[LoggingExternalInterface logging null]
[fuzz-exec] export ref_func_target_1_invoker
[trap unreachable]
[fuzz-exec] export func_invoker
[fuzz-exec] export func_18
[fuzz-exec] note result: func_18 => -2727
string("\u00a3")
-2529961
[fuzz-exec] export func_19
[fuzz-exec] note result: func_19 => object(null)
[fuzz-exec] export func_20_invoker
[LoggingExternalInterface logging externref(105)]
[LoggingExternalInterface logging externref(105)]
[LoggingExternalInterface logging externref(105)]
[LoggingExternalInterface logging externref(105)]
[LoggingExternalInterface logging externref(105)]
[LoggingExternalInterface logging externref(105)]
[LoggingExternalInterface logging externref(105)]
[LoggingExternalInterface logging externref(105)]
[LoggingExternalInterface logging externref(105)]
[LoggingExternalInterface logging externref(105)]
[LoggingExternalInterface logging externref(105)]
[LoggingExternalInterface logging externref(105)]
[LoggingExternalInterface logging externref(105)]
[LoggingExternalInterface logging externref(105)]
[LoggingExternalInterface logging externref(105)]
[LoggingExternalInterface logging externref(105)]
[LoggingExternalInterface logging externref(105)]
[LoggingExternalInterface logging externref(105)]
[LoggingExternalInterface logging externref(105)]
[LoggingExternalInterface logging externref(105)]
[LoggingExternalInterface logging externref(105)]
[LoggingExternalInterface logging externref(105)]
[LoggingExternalInterface logging externref(105)]
[LoggingExternalInterface logging externref(105)]
[LoggingExternalInterface logging externref(105)]
[LoggingExternalInterface logging externref(105)]
[LoggingExternalInterface logging externref(105)]
[LoggingExternalInterface logging externref(105)]
[LoggingExternalInterface logging externref(105)]
[LoggingExternalInterface logging externref(105)]
[LoggingExternalInterface logging externref(105)]
[LoggingExternalInterface logging externref(105)]
[LoggingExternalInterface logging externref(105)]
[LoggingExternalInterface logging externref(105)]
[LoggingExternalInterface logging externref(105)]
[LoggingExternalInterface logging externref(105)]
[LoggingExternalInterface logging externref(105)]
[LoggingExternalInterface logging externref(105)]
[LoggingExternalInterface logging externref(105)]
[LoggingExternalInterface logging externref(105)]
[LoggingExternalInterface logging externref(105)]
[LoggingExternalInterface logging externref(105)]
[LoggingExternalInterface logging externref(105)]
[LoggingExternalInterface logging externref(105)]
[LoggingExternalInterface logging externref(105)]
[LoggingExternalInterface logging externref(105)]
[LoggingExternalInterface logging externref(105)]
[LoggingExternalInterface logging externref(105)]
[LoggingExternalInterface logging externref(105)]
[LoggingExternalInterface logging externref(105)]
[LoggingExternalInterface logging externref(105)]
[LoggingExternalInterface logging externref(105)]
[LoggingExternalInterface logging externref(105)]
[LoggingExternalInterface logging externref(105)]
[LoggingExternalInterface logging externref(105)]
[LoggingExternalInterface logging externref(105)]
[LoggingExternalInterface logging externref(105)]
[LoggingExternalInterface logging externref(105)]
[LoggingExternalInterface logging externref(105)]
[LoggingExternalInterface logging externref(105)]
[LoggingExternalInterface logging externref(105)]
[LoggingExternalInterface logging externref(105)]
[LoggingExternalInterface logging externref(105)]
[LoggingExternalInterface logging externref(105)]
[LoggingExternalInterface logging externref(105)]
[LoggingExternalInterface logging externref(105)]
[LoggingExternalInterface logging externref(105)]
[LoggingExternalInterface logging externref(105)]
[LoggingExternalInterface logging externref(105)]
[LoggingExternalInterface logging externref(105)]
[LoggingExternalInterface logging externref(105)]
[LoggingExternalInterface logging externref(105)]
[LoggingExternalInterface logging externref(105)]
[LoggingExternalInterface logging externref(105)]
[LoggingExternalInterface logging externref(105)]
[LoggingExternalInterface logging externref(105)]
[LoggingExternalInterface logging externref(105)]
[LoggingExternalInterface logging externref(105)]
[LoggingExternalInterface logging externref(105)]
[LoggingExternalInterface logging externref(105)]
[LoggingExternalInterface logging externref(105)]
[LoggingExternalInterface logging externref(105)]
[trap unreachable]
[fuzz-exec] export func_22
[fuzz-exec] note result: func_22 => object(null)
[fuzz-exec] export func_23
[LoggingExternalInterface logging -128 -1]
[LoggingExternalInterface logging i31ref(-16)]
[trap unreachable]
[fuzz-exec] export func_24
[fuzz-exec] note result: func_24 => i32x4 0x00000000 0x00000000 0x00000000 0x00000000
[fuzz-exec] export func_24_invoker
[fuzz-exec] export func_26_invoker
[fuzz-exec] export func_31
[LoggingExternalInterface logging externref(10)]
[fuzz-exec] note result: func_31 => null
[wasm-validator error in function 18] unexpected false: , on 
(try (result externref)
 (do
  (global.get $gimport$0)
 )
 (catch $tag$0
  (drop
   (block
    (drop
     (pop (ref null $6))
    )
    (unreachable)
   )
  )
  (try (result (ref string))
   (do
    (string.const "")
   )
   (catch_all
    (string.const "986")
   )
  )
 )
)
catch's body (tag$0)'s pop's location is not validFatal: error after opts
