[fuzz-exec] export global$_1
[LoggingExternalInterface logging object(null)]
[fuzz-exec] export global$_4
[LoggingExternalInterface logging -2147483647]
[fuzz-exec] export global$_10
[LoggingExternalInterface logging null]
[fuzz-exec] export global$_11
[LoggingExternalInterface logging -32769]
[fuzz-exec] export global$_13
[LoggingExternalInterface logging string("")]
[fuzz-exec] export global$_16
[LoggingExternalInterface logging 0]
[fuzz-exec] export global$_17
[LoggingExternalInterface logging object(null)]
[fuzz-exec] export global$_18
[LoggingExternalInterface logging i31ref(1)]
[fuzz-exec] export global$_22
[LoggingExternalInterface logging object(null)]
[fuzz-exec] export ref_func_target_invoker
[trap null ref]
[fuzz-exec] export func
[fuzz-exec] note result: func => object(null)
[fuzz-exec] export func_invoker
[LoggingExternalInterface logging 44 0]
[trap null ref]
[fuzz-exec] export func_14_invoker
[trap null descriptor]
[fuzz-exec] export func_19
[fuzz-exec] note result: func_19 => object(null)
[fuzz-exec] export func_19_invoker
[fuzz-exec] export func_21_invoker
[LoggingExternalInterface logging 0]
[fuzz-exec] export func_25_invoker
[fuzz-exec] export func_27
[trap unreachable]
[fuzz-exec] export func_27_invoker
[trap unreachable]
[fuzz-exec] export func_29_invoker
[fuzz-exec] export func_31_invoker
[trap null ref]
[fuzz-exec] export func_33
[LoggingExternalInterface logging i31ref(-2)]
[LoggingExternalInterface logging 9223372036854775808]
[LoggingExternalInterface logging 9223372036854775808]
[LoggingExternalInterface logging 9223372036854775808]
[LoggingExternalInterface logging 9223372036854775808]
[LoggingExternalInterface logging 9223372036854775808]
[LoggingExternalInterface logging 9223372036854775808]
[LoggingExternalInterface logging 9223372036854775808]
[LoggingExternalInterface logging 9223372036854775808]
[LoggingExternalInterface logging 9223372036854775808]
[LoggingExternalInterface logging 9223372036854775808]
[LoggingExternalInterface logging 9223372036854775808]
[LoggingExternalInterface logging 9223372036854775808]
[LoggingExternalInterface logging 9223372036854775808]
[LoggingExternalInterface logging 9223372036854775808]
[LoggingExternalInterface logging 9223372036854775808]
[LoggingExternalInterface logging 9223372036854775808]
[LoggingExternalInterface logging 9223372036854775808]
[LoggingExternalInterface logging 9223372036854775808]
[LoggingExternalInterface logging 9223372036854775808]
[LoggingExternalInterface logging 9223372036854775808]
[LoggingExternalInterface logging 9223372036854775808]
[LoggingExternalInterface logging 9223372036854775808]
[LoggingExternalInterface logging 9223372036854775808]
[LoggingExternalInterface logging 9223372036854775808]
[LoggingExternalInterface logging 9223372036854775808]
[LoggingExternalInterface logging 9223372036854775808]
[LoggingExternalInterface logging 9223372036854775808]
[LoggingExternalInterface logging 9223372036854775808]
[LoggingExternalInterface logging 9223372036854775808]
[LoggingExternalInterface logging 9223372036854775808]
[LoggingExternalInterface logging 9223372036854775808]
[LoggingExternalInterface logging 9223372036854775808]
[LoggingExternalInterface logging 9223372036854775808]
[LoggingExternalInterface logging 9223372036854775808]
[LoggingExternalInterface logging 9223372036854775808]
[LoggingExternalInterface logging 9223372036854775808]
[LoggingExternalInterface logging 9223372036854775808]
[LoggingExternalInterface logging 9223372036854775808]
[LoggingExternalInterface logging 9223372036854775808]
[LoggingExternalInterface logging 9223372036854775808]
[LoggingExternalInterface logging 9223372036854775808]
[LoggingExternalInterface logging 9223372036854775808]
[LoggingExternalInterface logging 9223372036854775808]
[LoggingExternalInterface logging 9223372036854775808]
[LoggingExternalInterface logging 9223372036854775808]
[LoggingExternalInterface logging 9223372036854775808]
[LoggingExternalInterface logging 9223372036854775808]
[LoggingExternalInterface logging 9223372036854775808]
[LoggingExternalInterface logging 9223372036854775808]
[LoggingExternalInterface logging 9223372036854775808]
[LoggingExternalInterface logging 9223372036854775808]
[LoggingExternalInterface logging 9223372036854775808]
[LoggingExternalInterface logging 9223372036854775808]
[LoggingExternalInterface logging 9223372036854775808]
[LoggingExternalInterface logging 9223372036854775808]
[LoggingExternalInterface logging 9223372036854775808]
[LoggingExternalInterface logging 9223372036854775808]
[LoggingExternalInterface logging 9223372036854775808]
[LoggingExternalInterface logging 9223372036854775808]
[LoggingExternalInterface logging 9223372036854775808]
[LoggingExternalInterface logging 9223372036854775808]
[LoggingExternalInterface logging 9223372036854775808]
[LoggingExternalInterface logging 9223372036854775808]
[LoggingExternalInterface logging 9223372036854775808]
[LoggingExternalInterface logging 9223372036854775808]
[LoggingExternalInterface logging 9223372036854775808]
[LoggingExternalInterface logging 9223372036854775808]
[LoggingExternalInterface logging 9223372036854775808]
[LoggingExternalInterface logging 9223372036854775808]
[LoggingExternalInterface logging 9223372036854775808]
[LoggingExternalInterface logging 9223372036854775808]
[LoggingExternalInterface logging 9223372036854775808]
[LoggingExternalInterface logging 9223372036854775808]
[LoggingExternalInterface logging 9223372036854775808]
[LoggingExternalInterface logging 9223372036854775808]
[trap unreachable]
[fuzz-exec] export func_33_invoker
[LoggingExternalInterface logging i31ref(-2)]
[LoggingExternalInterface logging 9223372036854775808]
[LoggingExternalInterface logging 9223372036854775808]
[LoggingExternalInterface logging 9223372036854775808]
[LoggingExternalInterface logging 9223372036854775808]
[LoggingExternalInterface logging 9223372036854775808]
[LoggingExternalInterface logging 9223372036854775808]
[LoggingExternalInterface logging 9223372036854775808]
[LoggingExternalInterface logging 9223372036854775808]
[LoggingExternalInterface logging 9223372036854775808]
[LoggingExternalInterface logging 9223372036854775808]
[LoggingExternalInterface logging 9223372036854775808]
[LoggingExternalInterface logging 9223372036854775808]
[LoggingExternalInterface logging 9223372036854775808]
[LoggingExternalInterface logging 9223372036854775808]
[LoggingExternalInterface logging 9223372036854775808]
[LoggingExternalInterface logging 9223372036854775808]
[LoggingExternalInterface logging 9223372036854775808]
[LoggingExternalInterface logging 9223372036854775808]
[LoggingExternalInterface logging 9223372036854775808]
[LoggingExternalInterface logging 9223372036854775808]
[LoggingExternalInterface logging 9223372036854775808]
[LoggingExternalInterface logging 9223372036854775808]
[LoggingExternalInterface logging 9223372036854775808]
[LoggingExternalInterface logging 9223372036854775808]
[LoggingExternalInterface logging 9223372036854775808]
[LoggingExternalInterface logging 9223372036854775808]
[LoggingExternalInterface logging 9223372036854775808]
[LoggingExternalInterface logging 9223372036854775808]
[LoggingExternalInterface logging 9223372036854775808]
[LoggingExternalInterface logging 9223372036854775808]
[LoggingExternalInterface logging 9223372036854775808]
[LoggingExternalInterface logging 9223372036854775808]
[LoggingExternalInterface logging 9223372036854775808]
[LoggingExternalInterface logging 9223372036854775808]
[LoggingExternalInterface logging 9223372036854775808]
[LoggingExternalInterface logging 9223372036854775808]
[LoggingExternalInterface logging 9223372036854775808]
[LoggingExternalInterface logging 9223372036854775808]
[LoggingExternalInterface logging 9223372036854775808]
[LoggingExternalInterface logging 9223372036854775808]
[LoggingExternalInterface logging 9223372036854775808]
[LoggingExternalInterface logging 9223372036854775808]
[LoggingExternalInterface logging 9223372036854775808]
[LoggingExternalInterface logging 9223372036854775808]
[LoggingExternalInterface logging 9223372036854775808]
[LoggingExternalInterface logging 9223372036854775808]
[LoggingExternalInterface logging 9223372036854775808]
[LoggingExternalInterface logging 9223372036854775808]
[LoggingExternalInterface logging 9223372036854775808]
[LoggingExternalInterface logging 9223372036854775808]
[LoggingExternalInterface logging 9223372036854775808]
[LoggingExternalInterface logging 9223372036854775808]
[LoggingExternalInterface logging 9223372036854775808]
[LoggingExternalInterface logging 9223372036854775808]
[LoggingExternalInterface logging 9223372036854775808]
[LoggingExternalInterface logging 9223372036854775808]
[LoggingExternalInterface logging 9223372036854775808]
[LoggingExternalInterface logging 9223372036854775808]
[LoggingExternalInterface logging 9223372036854775808]
[LoggingExternalInterface logging 9223372036854775808]
[LoggingExternalInterface logging 9223372036854775808]
[LoggingExternalInterface logging 9223372036854775808]
[LoggingExternalInterface logging 9223372036854775808]
[LoggingExternalInterface logging 9223372036854775808]
[LoggingExternalInterface logging 9223372036854775808]
[LoggingExternalInterface logging 9223372036854775808]
[LoggingExternalInterface logging 9223372036854775808]
[LoggingExternalInterface logging 9223372036854775808]
[LoggingExternalInterface logging 9223372036854775808]
[LoggingExternalInterface logging 9223372036854775808]
[LoggingExternalInterface logging 9223372036854775808]
[LoggingExternalInterface logging 9223372036854775808]
[LoggingExternalInterface logging 9223372036854775808]
[LoggingExternalInterface logging 9223372036854775808]
[LoggingExternalInterface logging 9223372036854775808]
[LoggingExternalInterface logging 9223372036854775808]
[LoggingExternalInterface logging 9223372036854775808]
[LoggingExternalInterface logging 9223372036854775808]
[LoggingExternalInterface logging 9223372036854775808]
[LoggingExternalInterface logging 9223372036854775808]
[LoggingExternalInterface logging 9223372036854775808]
[LoggingExternalInterface logging 9223372036854775808]
[LoggingExternalInterface logging 9223372036854775808]
[LoggingExternalInterface logging 9223372036854775808]
[LoggingExternalInterface logging 9223372036854775808]
[LoggingExternalInterface logging 9223372036854775808]
[LoggingExternalInterface logging 9223372036854775808]
[LoggingExternalInterface logging 9223372036854775808]
[LoggingExternalInterface logging 9223372036854775808]
[LoggingExternalInterface logging 9223372036854775808]
[LoggingExternalInterface logging 9223372036854775808]
[LoggingExternalInterface logging 9223372036854775808]
[LoggingExternalInterface logging 9223372036854775808]
[LoggingExternalInterface logging 9223372036854775808]
[LoggingExternalInterface logging 9223372036854775808]
[LoggingExternalInterface logging 9223372036854775808]
[LoggingExternalInterface logging 9223372036854775808]
[trap unreachable]
[fuzz-exec] export func_36_invoker
[LoggingExternalInterface logging 0 16]
[fuzz-exec] export func_38_invoker
[LoggingExternalInterface logging -31.864]
[LoggingExternalInterface logging -31.864]
[fuzz-exec] export func_40_invoker
[fuzz-exec] export func_42_invoker
[fuzz-exec] export func_44_invoker
[LoggingExternalInterface logging -69]
[LoggingExternalInterface logging i32x4 0x00000000 0x00000000 0x00000000 0x00000000]
[LoggingExternalInterface logging -7636163]
[LoggingExternalInterface logging i32x4 0x00000000 0x00000000 0x00000000 0x00000000]
[fuzz-exec] export func_47_invoker
[LoggingExternalInterface logging i31ref(-5630161)]
[LoggingExternalInterface logging i31ref(-2)]
[LoggingExternalInterface logging 9223372036854775808]
[LoggingExternalInterface logging 9223372036854775808]
[LoggingExternalInterface logging 9223372036854775808]
[LoggingExternalInterface logging 9223372036854775808]
[LoggingExternalInterface logging 9223372036854775808]
[LoggingExternalInterface logging 9223372036854775808]
[LoggingExternalInterface logging 9223372036854775808]
[LoggingExternalInterface logging 9223372036854775808]
[LoggingExternalInterface logging 9223372036854775808]
[LoggingExternalInterface logging 9223372036854775808]
[LoggingExternalInterface logging 9223372036854775808]
[LoggingExternalInterface logging 9223372036854775808]
[LoggingExternalInterface logging 9223372036854775808]
[LoggingExternalInterface logging 9223372036854775808]
[LoggingExternalInterface logging 9223372036854775808]
[LoggingExternalInterface logging 9223372036854775808]
[LoggingExternalInterface logging 9223372036854775808]
[LoggingExternalInterface logging 9223372036854775808]
[LoggingExternalInterface logging 9223372036854775808]
[LoggingExternalInterface logging 9223372036854775808]
[LoggingExternalInterface logging 9223372036854775808]
[LoggingExternalInterface logging 9223372036854775808]
[LoggingExternalInterface logging 9223372036854775808]
[LoggingExternalInterface logging 9223372036854775808]
[LoggingExternalInterface logging 9223372036854775808]
[LoggingExternalInterface logging 9223372036854775808]
[LoggingExternalInterface logging 9223372036854775808]
[LoggingExternalInterface logging 9223372036854775808]
[LoggingExternalInterface logging 9223372036854775808]
[LoggingExternalInterface logging 9223372036854775808]
[LoggingExternalInterface logging 9223372036854775808]
[LoggingExternalInterface logging 9223372036854775808]
[LoggingExternalInterface logging 9223372036854775808]
[LoggingExternalInterface logging 9223372036854775808]
[LoggingExternalInterface logging 9223372036854775808]
[LoggingExternalInterface logging 9223372036854775808]
[LoggingExternalInterface logging 9223372036854775808]
[LoggingExternalInterface logging 9223372036854775808]
[LoggingExternalInterface logging 9223372036854775808]
[LoggingExternalInterface logging 9223372036854775808]
[LoggingExternalInterface logging 9223372036854775808]
[LoggingExternalInterface logging 9223372036854775808]
[LoggingExternalInterface logging 9223372036854775808]
[LoggingExternalInterface logging 9223372036854775808]
[LoggingExternalInterface logging 9223372036854775808]
[LoggingExternalInterface logging 9223372036854775808]
[LoggingExternalInterface logging 9223372036854775808]
[LoggingExternalInterface logging 9223372036854775808]
[LoggingExternalInterface logging 9223372036854775808]
[LoggingExternalInterface logging 9223372036854775808]
[LoggingExternalInterface logging 9223372036854775808]
[LoggingExternalInterface logging 9223372036854775808]
[LoggingExternalInterface logging 9223372036854775808]
[LoggingExternalInterface logging 9223372036854775808]
[LoggingExternalInterface logging 9223372036854775808]
[LoggingExternalInterface logging 9223372036854775808]
[LoggingExternalInterface logging 9223372036854775808]
[LoggingExternalInterface logging 9223372036854775808]
[LoggingExternalInterface logging 9223372036854775808]
[LoggingExternalInterface logging 9223372036854775808]
[LoggingExternalInterface logging 9223372036854775808]
[LoggingExternalInterface logging 9223372036854775808]
[LoggingExternalInterface logging 9223372036854775808]
[LoggingExternalInterface logging 9223372036854775808]
[LoggingExternalInterface logging 9223372036854775808]
[LoggingExternalInterface logging 9223372036854775808]
[LoggingExternalInterface logging 9223372036854775808]
[LoggingExternalInterface logging 9223372036854775808]
[LoggingExternalInterface logging 9223372036854775808]
[LoggingExternalInterface logging 9223372036854775808]
[LoggingExternalInterface logging 9223372036854775808]
[LoggingExternalInterface logging 9223372036854775808]
[LoggingExternalInterface logging 9223372036854775808]
[LoggingExternalInterface logging 9223372036854775808]
[LoggingExternalInterface logging 9223372036854775808]
[LoggingExternalInterface logging 9223372036854775808]
[LoggingExternalInterface logging 9223372036854775808]
[LoggingExternalInterface logging 9223372036854775808]
[LoggingExternalInterface logging 9223372036854775808]
[LoggingExternalInterface logging 9223372036854775808]
[trap unreachable]
[fuzz-exec] export func_49_invoker
[trap string oob]
[fuzz-exec] export func_51_invoker
[trap string oob]
[fuzz-exec] export func_53_invoker
[fuzz-exec] export func_55
[fuzz-exec] note result: func_55 => function
[fuzz-exec] export func_56
[fuzz-exec] note result: func_56 => stwasm-opt: /home/tamaron/work/binaryen/src/ir/eh-utils.cpp:122: void wasm::EHUtils::handleBlockNestedPop(wasm::Try*, wasm::Function*, wasm::Module&): Assertion `pop && "Pop has not been found in this catch"' failed.
